예측 : 0 정답 : 0 오류율 : 0.0%
예측 : 0 정답 : 0 오류율 : 0.0%
예측 : 0 정답 : 0 오류율 : 0.0%
예측 : 0 정답 : 0 오류율 : 0.0%
예측 : 0 정답 : 0 오류율 : 0.0%
예측 : 0 정답 : 0 오류율 : 0.0%
예측 : 0 정답 : 0 오류율 : 0.0%
예측 : 0 정답 : 0 오류율 : 0.0%
예측 : 0 정답 : 0 오류율 : 0.0%
예측 : 0 정답 : 0 오류율 : 0.0%
예측 : 0 정답 : 0 오류율 : 0.0%
예측 : 0 정답 : 0 오류율 : 0.0%
예측 : 0 정답 : 0 오류율 : 0.0%
예측 : 0 정답 : 0 오류율 : 0.0%
예측 : 0 정답 : 0 오류율 : 0.0%
예측 : 0 정답 : 0 오류율 : 0.0%
예측 : 0 정답 : 0 오류율 : 0.0%
예측 : 0 정답 : 0 오류율 : 0.0%
예측 : 0 정답 : 0 오류율 : 0.0%
예측 : 0 정답 : 0 오류율 : 0.0%
예측 : 0 정답 : 0 오류율 : 0.0%
예측 : 0 정답 : 0 오류율 : 0.0%
예측 : 0 정답 : 0 오류율 : 0.0%
예측 : 0 정답 : 0 오류율 : 0.0%
예측 : 0 정답 : 0 오류율 : 0.0%
예측 : 0 정답 : 0 오류율 : 0.0%
예측 : 0 정답 : 0 오류율 : 0.0%
예측 : 0 정답 : 0 오류율 : 0.0%
예측 : 0 정답 : 0 오류율 : 0.0%
예측 : 0 정답 : 0 오류율 : 0.0%
예측 : 0 정답 : 0 오류율 : 0.0%
예측 : 0 정답 : 0 오류율 : 0.0%
예측 : 0 정답 : 0 오류율 : 0.0%
예측 : 0 정답 : 0 오류율 : 0.0%
예측 : 0 정답 : 0 오류율 : 0.0%
예측 : 0 정답 : 0 오류율 : 0.0%
예측 : 0 정답 : 0 오류율 : 0.0%
예측 : 0 정답 : 0 오류율 : 0.0%
예측 : 0 정답 : 0 오류율 : 0.0%
예측 : 0 정답 : 0 오류율 : 0.0%
예측 : 0 정답 : 0 오류율 : 0.0%
예측 : 0 정답 : 0 오류율 : 0.0%
예측 : 0 정답 : 0 오류율 : 0.0%
예측 : 0 정답 : 0 오류율 : 0.0%
예측 : 0 정답 : 0 오류율 : 0.0%
예측 : 0 정답 : 0 오류율 : 0.0%
예측 : 0 정답 : 0 오류율 : 0.0%
예측 : 0 정답 : 0 오류율 : 0.0%
예측 : 0 정답 : 0 오류율 : 0.0%
예측 : 0 정답 : 0 오류율 : 0.0%
예측 : 0 정답 : 0 오류율 : 0.0%
예측 : 0 정답 : 0 오류율 : 0.0%
예측 : 0 정답 : 0 오류율 : 0.0%
예측 : 0 정답 : 0 오류율 : 0.0%
예측 : 0 정답 : 0 오류율 : 0.0%
예측 : 0 정답 : 0 오류율 : 0.0%
예측 : 0 정답 : 0 오류율 : 0.0%
예측 : 0 정답 : 0 오류율 : 0.0%
예측 : 0 정답 : 0 오류율 : 0.0%
예측 : 0 정답 : 0 오류율 : 0.0%
예측 : 0 정답 : 0 오류율 : 0.0%
예측 : 0 정답 : 0 오류율 : 0.0%
예측 : 0 정답 : 0 오류율 : 0.0%
예측 : 0 정답 : 0 오류율 : 0.0%
예측 : 0 정답 : 0 오류율 : 0.0%
예측 : 0 정답 : 0 오류율 : 0.0%
예측 : 0 정답 : 0 오류율 : 0.0%
예측 : 0 정답 : 0 오류율 : 0.0%
예측 : 0 정답 : 0 오류율 : 0.0%
예측 : 0 정답 : 0 오류율 : 0.0%
예측 : 0 정답 : 0 오류율 : 0.0%
예측 : 0 정답 : 0 오류율 : 0.0%
예측 : 0 정답 : 0 오류율 : 0.0%
예측 : 0 정답 : 0 오류율 : 0.0%
예측 : 0 정답 : 0 오류율 : 0.0%
예측 : 0 정답 : 0 오류율 : 0.0%
예측 : 0 정답 : 0 오류율 : 0.0%
예측 : 0 정답 : 0 오류율 : 0.0%
예측 : 0 정답 : 0 오류율 : 0.0%
예측 : 0 정답 : 0 오류율 : 0.0%
예측 : 0 정답 : 0 오류율 : 0.0%
예측 : 0 정답 : 0 오류율 : 0.0%
예측 : 0 정답 : 0 오류율 : 0.0%
예측 : 0 정답 : 0 오류율 : 0.0%
예측 : 0 정답 : 0 오류율 : 0.0%
예측 : 0 정답 : 0 오류율 : 0.0%
예측 : 0 정답 : 0 오류율 : 0.0%
예측 : 0 정답 : 0 오류율 : 0.0%
예측 : 0 정답 : 0 오류율 : 0.0%
예측 : 0 정답 : 0 오류율 : 0.0%
예측 : 0 정답 : 0 오류율 : 0.0%
예측 : 0 정답 : 0 오류율 : 0.0%
예측 : 0 정답 : 0 오류율 : 0.0%
예측 : 0 정답 : 0 오류율 : 0.0%
예측 : 0 정답 : 0 오류율 : 0.0%
예측 : 0 정답 : 0 오류율 : 0.0%
예측 : 0 정답 : 0 오류율 : 0.0%
예측 : 0 정답 : 0 오류율 : 0.0%
예측 : 0 정답 : 0 오류율 : 0.0%
예측 : 0 정답 : 0 오류율 : 0.0%
예측 : 0 정답 : 0 오류율 : 0.0%
예측 : 0 정답 : 0 오류율 : 0.0%
예측 : 0 정답 : 0 오류율 : 0.0%
예측 : 0 정답 : 0 오류율 : 0.0%
예측 : 0 정답 : 0 오류율 : 0.0%
예측 : 0 정답 : 0 오류율 : 0.0%
예측 : 0 정답 : 0 오류율 : 0.0%
예측 : 0 정답 : 0 오류율 : 0.0%
예측 : 0 정답 : 0 오류율 : 0.0%
예측 : 0 정답 : 0 오류율 : 0.0%
예측 : 0 정답 : 0 오류율 : 0.0%
예측 : 0 정답 : 0 오류율 : 0.0%
예측 : 0 정답 : 0 오류율 : 0.0%
예측 : 0 정답 : 0 오류율 : 0.0%
예측 : 0 정답 : 0 오류율 : 0.0%
예측 : 0 정답 : 0 오류율 : 0.0%
예측 : 0 정답 : 0 오류율 : 0.0%
예측 : 0 정답 : 0 오류율 : 0.0%
예측 : 0 정답 : 0 오류율 : 0.0%
예측 : 0 정답 : 0 오류율 : 0.0%
예측 : 0 정답 : 0 오류율 : 0.0%
예측 : 0 정답 : 0 오류율 : 0.0%
예측 : 0 정답 : 0 오류율 : 0.0%
예측 : 0 정답 : 0 오류율 : 0.0%
예측 : 0 정답 : 0 오류율 : 0.0%
예측 : 0 정답 : 0 오류율 : 0.0%
예측 : 0 정답 : 0 오류율 : 0.0%
예측 : 0 정답 : 0 오류율 : 0.0%
예측 : 0 정답 : 0 오류율 : 0.0%
예측 : 0 정답 : 0 오류율 : 0.0%
예측 : 0 정답 : 0 오류율 : 0.0%
예측 : 0 정답 : 0 오류율 : 0.0%
예측 : 0 정답 : 0 오류율 : 0.0%
예측 : 0 정답 : 0 오류율 : 0.0%
예측 : 0 정답 : 0 오류율 : 0.0%
예측 : 0 정답 : 0 오류율 : 0.0%
예측 : 0 정답 : 0 오류율 : 0.0%
예측 : 0 정답 : 0 오류율 : 0.0%
예측 : 0 정답 : 0 오류율 : 0.0%
예측 : 0 정답 : 0 오류율 : 0.0%
예측 : 0 정답 : 0 오류율 : 0.0%
예측 : 0 정답 : 0 오류율 : 0.0%
예측 : 0 정답 : 0 오류율 : 0.0%
예측 : 0 정답 : 0 오류율 : 0.0%
예측 : 0 정답 : 0 오류율 : 0.0%
예측 : 0 정답 : 0 오류율 : 0.0%
예측 : 0 정답 : 0 오류율 : 0.0%
예측 : 0 정답 : 0 오류율 : 0.0%
예측 : 0 정답 : 0 오류율 : 0.0%
예측 : 0 정답 : 0 오류율 : 0.0%
예측 : 0 정답 : 0 오류율 : 0.0%
예측 : 0 정답 : 0 오류율 : 0.0%
예측 : 0 정답 : 0 오류율 : 0.0%
예측 : 0 정답 : 0 오류율 : 0.0%
예측 : 0 정답 : 0 오류율 : 0.0%
예측 : 0 정답 : 0 오류율 : 0.0%
예측 : 0 정답 : 0 오류율 : 0.0%
예측 : 0 정답 : 0 오류율 : 0.0%
예측 : 0 정답 : 0 오류율 : 0.0%
예측 : 0 정답 : 0 오류율 : 0.0%
예측 : 0 정답 : 0 오류율 : 0.0%
예측 : 0 정답 : 0 오류율 : 0.0%
예측 : 0 정답 : 0 오류율 : 0.0%
예측 : 0 정답 : 0 오류율 : 0.0%
예측 : 0 정답 : 0 오류율 : 0.0%
예측 : 0 정답 : 0 오류율 : 0.0%
예측 : 0 정답 : 0 오류율 : 0.0%
예측 : 0 정답 : 0 오류율 : 0.0%
예측 : 0 정답 : 0 오류율 : 0.0%
예측 : 0 정답 : 0 오류율 : 0.0%
예측 : 0 정답 : 0 오류율 : 0.0%
예측 : 0 정답 : 0 오류율 : 0.0%
예측 : 0 정답 : 0 오류율 : 0.0%
예측 : 0 정답 : 0 오류율 : 0.0%
예측 : 0 정답 : 0 오류율 : 0.0%
예측 : 0 정답 : 0 오류율 : 0.0%
예측 : 0 정답 : 0 오류율 : 0.0%
예측 : 0 정답 : 0 오류율 : 0.0%
예측 : 0 정답 : 0 오류율 : 0.0%
예측 : 0 정답 : 0 오류율 : 0.0%
예측 : 0 정답 : 0 오류율 : 0.0%
예측 : 0 정답 : 0 오류율 : 0.0%
예측 : 0 정답 : 0 오류율 : 0.0%
예측 : 0 정답 : 0 오류율 : 0.0%
예측 : 0 정답 : 0 오류율 : 0.0%
예측 : 0 정답 : 0 오류율 : 0.0%
예측 : 0 정답 : 0 오류율 : 0.0%
예측 : 0 정답 : 0 오류율 : 0.0%
예측 : 0 정답 : 0 오류율 : 0.0%
예측 : 0 정답 : 0 오류율 : 0.0%
예측 : 0 정답 : 0 오류율 : 0.0%
예측 : 0 정답 : 0 오류율 : 0.0%
예측 : 0 정답 : 0 오류율 : 0.0%
예측 : 0 정답 : 0 오류율 : 0.0%
예측 : 0 정답 : 0 오류율 : 0.0%
예측 : 0 정답 : 0 오류율 : 0.0%
예측 : 0 정답 : 0 오류율 : 0.0%
예측 : 0 정답 : 0 오류율 : 0.0%
예측 : 0 정답 : 0 오류율 : 0.0%
예측 : 0 정답 : 0 오류율 : 0.0%
예측 : 0 정답 : 0 오류율 : 0.0%
예측 : 0 정답 : 0 오류율 : 0.0%
예측 : 0 정답 : 0 오류율 : 0.0%
예측 : 0 정답 : 0 오류율 : 0.0%
예측 : 0 정답 : 0 오류율 : 0.0%
예측 : 0 정답 : 0 오류율 : 0.0%
예측 : 0 정답 : 0 오류율 : 0.0%
예측 : 0 정답 : 0 오류율 : 0.0%
예측 : 0 정답 : 0 오류율 : 0.0%
예측 : 0 정답 : 0 오류율 : 0.0%
예측 : 0 정답 : 0 오류율 : 0.0%
예측 : 0 정답 : 0 오류율 : 0.0%
예측 : 0 정답 : 0 오류율 : 0.0%
예측 : 0 정답 : 0 오류율 : 0.0%
예측 : 0 정답 : 0 오류율 : 0.0%
예측 : 0 정답 : 0 오류율 : 0.0%
예측 : 0 정답 : 0 오류율 : 0.0%
예측 : 0 정답 : 0 오류율 : 0.0%
예측 : 0 정답 : 0 오류율 : 0.0%
예측 : 0 정답 : 0 오류율 : 0.0%
예측 : 0 정답 : 0 오류율 : 0.0%
예측 : 0 정답 : 0 오류율 : 0.0%
예측 : 0 정답 : 0 오류율 : 0.0%
예측 : 0 정답 : 0 오류율 : 0.0%
예측 : 0 정답 : 0 오류율 : 0.0%
예측 : 0 정답 : 0 오류율 : 0.0%
예측 : 0 정답 : 0 오류율 : 0.0%
예측 : 0 정답 : 0 오류율 : 0.0%
예측 : 0 정답 : 0 오류율 : 0.0%
예측 : 0 정답 : 0 오류율 : 0.0%
예측 : 0 정답 : 0 오류율 : 0.0%
예측 : 0 정답 : 0 오류율 : 0.0%
예측 : 0 정답 : 0 오류율 : 0.0%
예측 : 0 정답 : 0 오류율 : 0.0%
예측 : 0 정답 : 0 오류율 : 0.0%
예측 : 0 정답 : 0 오류율 : 0.0%
예측 : 0 정답 : 0 오류율 : 0.0%
예측 : 0 정답 : 0 오류율 : 0.0%
예측 : 0 정답 : 0 오류율 : 0.0%
예측 : 0 정답 : 0 오류율 : 0.0%
예측 : 0 정답 : 0 오류율 : 0.0%
예측 : 0 정답 : 0 오류율 : 0.0%
예측 : 0 정답 : 0 오류율 : 0.0%
예측 : 0 정답 : 0 오류율 : 0.0%
예측 : 0 정답 : 0 오류율 : 0.0%
예측 : 0 정답 : 0 오류율 : 0.0%
예측 : 0 정답 : 0 오류율 : 0.0%
예측 : 0 정답 : 0 오류율 : 0.0%
예측 : 0 정답 : 0 오류율 : 0.0%
예측 : 0 정답 : 0 오류율 : 0.0%
예측 : 0 정답 : 0 오류율 : 0.0%
예측 : 0 정답 : 0 오류율 : 0.0%
예측 : 0 정답 : 0 오류율 : 0.0%
예측 : 0 정답 : 0 오류율 : 0.0%
예측 : 0 정답 : 0 오류율 : 0.0%
예측 : 0 정답 : 0 오류율 : 0.0%
예측 : 0 정답 : 0 오류율 : 0.0%
예측 : 0 정답 : 0 오류율 : 0.0%
예측 : 0 정답 : 0 오류율 : 0.0%
예측 : 0 정답 : 0 오류율 : 0.0%
예측 : 0 정답 : 0 오류율 : 0.0%
예측 : 0 정답 : 0 오류율 : 0.0%
예측 : 0 정답 : 0 오류율 : 0.0%
예측 : 0 정답 : 0 오류율 : 0.0%
예측 : 0 정답 : 0 오류율 : 0.0%
예측 : 0 정답 : 0 오류율 : 0.0%
예측 : 0 정답 : 0 오류율 : 0.0%
예측 : 0 정답 : 0 오류율 : 0.0%
예측 : 0 정답 : 0 오류율 : 0.0%
예측 : 0 정답 : 0 오류율 : 0.0%
예측 : 0 정답 : 0 오류율 : 0.0%
예측 : 0 정답 : 0 오류율 : 0.0%
예측 : 0 정답 : 0 오류율 : 0.0%
예측 : 0 정답 : 0 오류율 : 0.0%
예측 : 0 정답 : 0 오류율 : 0.0%
예측 : 0 정답 : 0 오류율 : 0.0%
예측 : 0 정답 : 0 오류율 : 0.0%
예측 : 0 정답 : 0 오류율 : 0.0%
예측 : 0 정답 : 0 오류율 : 0.0%
예측 : 0 정답 : 0 오류율 : 0.0%
예측 : 0 정답 : 0 오류율 : 0.0%
예측 : 0 정답 : 0 오류율 : 0.0%
예측 : 0 정답 : 0 오류율 : 0.0%
예측 : 0 정답 : 0 오류율 : 0.0%
예측 : 0 정답 : 0 오류율 : 0.0%
예측 : 0 정답 : 0 오류율 : 0.0%
예측 : 0 정답 : 0 오류율 : 0.0%
예측 : 0 정답 : 0 오류율 : 0.0%
예측 : 0 정답 : 0 오류율 : 0.0%
예측 : 0 정답 : 0 오류율 : 0.0%
예측 : 0 정답 : 0 오류율 : 0.0%
예측 : 0 정답 : 0 오류율 : 0.0%
예측 : 0 정답 : 0 오류율 : 0.0%
예측 : 0 정답 : 0 오류율 : 0.0%
예측 : 0 정답 : 0 오류율 : 0.0%
예측 : 0 정답 : 0 오류율 : 0.0%
예측 : 0 정답 : 0 오류율 : 0.0%
예측 : 0 정답 : 0 오류율 : 0.0%
예측 : 0 정답 : 0 오류율 : 0.0%
예측 : 0 정답 : 0 오류율 : 0.0%
예측 : 0 정답 : 0 오류율 : 0.0%
예측 : 0 정답 : 0 오류율 : 0.0%
예측 : 0 정답 : 0 오류율 : 0.0%
예측 : 0 정답 : 0 오류율 : 0.0%
예측 : 0 정답 : 0 오류율 : 0.0%
예측 : 0 정답 : 0 오류율 : 0.0%
예측 : 0 정답 : 0 오류율 : 0.0%
예측 : 0 정답 : 0 오류율 : 0.0%
예측 : 0 정답 : 0 오류율 : 0.0%
예측 : 0 정답 : 0 오류율 : 0.0%
예측 : 0 정답 : 0 오류율 : 0.0%
예측 : 0 정답 : 0 오류율 : 0.0%
예측 : 0 정답 : 0 오류율 : 0.0%
예측 : 0 정답 : 0 오류율 : 0.0%
예측 : 0 정답 : 0 오류율 : 0.0%
예측 : 0 정답 : 0 오류율 : 0.0%
예측 : 0 정답 : 0 오류율 : 0.0%
예측 : 0 정답 : 0 오류율 : 0.0%
예측 : 0 정답 : 0 오류율 : 0.0%
예측 : 0 정답 : 0 오류율 : 0.0%
예측 : 0 정답 : 0 오류율 : 0.0%
예측 : 0 정답 : 0 오류율 : 0.0%
예측 : 0 정답 : 0 오류율 : 0.0%
예측 : 0 정답 : 0 오류율 : 0.0%
예측 : 0 정답 : 0 오류율 : 0.0%
예측 : 0 정답 : 0 오류율 : 0.0%
예측 : 0 정답 : 0 오류율 : 0.0%
예측 : 0 정답 : 0 오류율 : 0.0%
예측 : 0 정답 : 0 오류율 : 0.0%
예측 : 0 정답 : 0 오류율 : 0.0%
예측 : 0 정답 : 0 오류율 : 0.0%
예측 : 0 정답 : 0 오류율 : 0.0%
예측 : 0 정답 : 0 오류율 : 0.0%
예측 : 0 정답 : 0 오류율 : 0.0%
예측 : 0 정답 : 0 오류율 : 0.0%
예측 : 0 정답 : 0 오류율 : 0.0%
예측 : 0 정답 : 0 오류율 : 0.0%
예측 : 0 정답 : 0 오류율 : 0.0%
예측 : 0 정답 : 0 오류율 : 0.0%
예측 : 0 정답 : 0 오류율 : 0.0%
예측 : 0 정답 : 0 오류율 : 0.0%
예측 : 0 정답 : 0 오류율 : 0.0%
예측 : 0 정답 : 0 오류율 : 0.0%
예측 : 0 정답 : 0 오류율 : 0.0%
예측 : 0 정답 : 0 오류율 : 0.0%
예측 : 0 정답 : 0 오류율 : 0.0%
예측 : 0 정답 : 0 오류율 : 0.0%
예측 : 0 정답 : 0 오류율 : 0.0%
예측 : 0 정답 : 0 오류율 : 0.0%
예측 : 0 정답 : 0 오류율 : 0.0%
예측 : 0 정답 : 0 오류율 : 0.0%
예측 : 0 정답 : 0 오류율 : 0.0%
예측 : 0 정답 : 0 오류율 : 0.0%
예측 : 0 정답 : 0 오류율 : 0.0%
예측 : 0 정답 : 0 오류율 : 0.0%
예측 : 0 정답 : 0 오류율 : 0.0%
예측 : 0 정답 : 0 오류율 : 0.0%
예측 : 0 정답 : 0 오류율 : 0.0%
예측 : 0 정답 : 0 오류율 : 0.0%
예측 : 0 정답 : 0 오류율 : 0.0%
예측 : 0 정답 : 0 오류율 : 0.0%
예측 : 0 정답 : 0 오류율 : 0.0%
예측 : 0 정답 : 0 오류율 : 0.0%
예측 : 0 정답 : 0 오류율 : 0.0%
예측 : 0 정답 : 0 오류율 : 0.0%
예측 : 0 정답 : 0 오류율 : 0.0%
예측 : 0 정답 : 0 오류율 : 0.0%
예측 : 0 정답 : 0 오류율 : 0.0%
예측 : 0 정답 : 0 오류율 : 0.0%
예측 : 0 정답 : 0 오류율 : 0.0%
예측 : 0 정답 : 0 오류율 : 0.0%
예측 : 0 정답 : 0 오류율 : 0.0%
예측 : 0 정답 : 0 오류율 : 0.0%
예측 : 0 정답 : 0 오류율 : 0.0%
예측 : 0 정답 : 0 오류율 : 0.0%
예측 : 0 정답 : 0 오류율 : 0.0%
예측 : 0 정답 : 0 오류율 : 0.0%
예측 : 0 정답 : 0 오류율 : 0.0%
예측 : 0 정답 : 0 오류율 : 0.0%
예측 : 0 정답 : 0 오류율 : 0.0%
예측 : 0 정답 : 0 오류율 : 0.0%
예측 : 0 정답 : 0 오류율 : 0.0%
예측 : 0 정답 : 0 오류율 : 0.0%
예측 : 0 정답 : 0 오류율 : 0.0%
예측 : 0 정답 : 0 오류율 : 0.0%
예측 : 0 정답 : 0 오류율 : 0.0%
예측 : 0 정답 : 0 오류율 : 0.0%
예측 : 0 정답 : 0 오류율 : 0.0%
예측 : 0 정답 : 0 오류율 : 0.0%
예측 : 0 정답 : 0 오류율 : 0.0%
예측 : 0 정답 : 0 오류율 : 0.0%
예측 : 0 정답 : 0 오류율 : 0.0%
예측 : 0 정답 : 0 오류율 : 0.0%
예측 : 0 정답 : 0 오류율 : 0.0%
예측 : 0 정답 : 0 오류율 : 0.0%
예측 : 0 정답 : 0 오류율 : 0.0%
예측 : 0 정답 : 0 오류율 : 0.0%
예측 : 0 정답 : 0 오류율 : 0.0%
예측 : 0 정답 : 0 오류율 : 0.0%
예측 : 0 정답 : 0 오류율 : 0.0%
예측 : 0 정답 : 0 오류율 : 0.0%
예측 : 0 정답 : 0 오류율 : 0.0%
예측 : 0 정답 : 0 오류율 : 0.0%
예측 : 0 정답 : 0 오류율 : 0.0%
예측 : 0 정답 : 0 오류율 : 0.0%
예측 : 0 정답 : 0 오류율 : 0.0%
예측 : 0 정답 : 0 오류율 : 0.0%
예측 : 0 정답 : 0 오류율 : 0.0%
예측 : 0 정답 : 0 오류율 : 0.0%
예측 : 0 정답 : 0 오류율 : 0.0%
예측 : 0 정답 : 0 오류율 : 0.0%
예측 : 0 정답 : 0 오류율 : 0.0%
예측 : 0 정답 : 0 오류율 : 0.0%
예측 : 0 정답 : 0 오류율 : 0.0%
예측 : 0 정답 : 0 오류율 : 0.0%
예측 : 0 정답 : 0 오류율 : 0.0%
예측 : 0 정답 : 0 오류율 : 0.0%
예측 : 0 정답 : 0 오류율 : 0.0%
예측 : 0 정답 : 0 오류율 : 0.0%
예측 : 0 정답 : 0 오류율 : 0.0%
예측 : 0 정답 : 0 오류율 : 0.0%
예측 : 0 정답 : 0 오류율 : 0.0%
예측 : 0 정답 : 0 오류율 : 0.0%
예측 : 0 정답 : 0 오류율 : 0.0%
예측 : 0 정답 : 0 오류율 : 0.0%
예측 : 0 정답 : 0 오류율 : 0.0%
예측 : 0 정답 : 0 오류율 : 0.0%
예측 : 0 정답 : 0 오류율 : 0.0%
예측 : 0 정답 : 0 오류율 : 0.0%
예측 : 0 정답 : 0 오류율 : 0.0%
예측 : 0 정답 : 0 오류율 : 0.0%
예측 : 0 정답 : 0 오류율 : 0.0%
예측 : 0 정답 : 0 오류율 : 0.0%
예측 : 0 정답 : 0 오류율 : 0.0%
예측 : 0 정답 : 0 오류율 : 0.0%
예측 : 0 정답 : 0 오류율 : 0.0%
예측 : 0 정답 : 0 오류율 : 0.0%
예측 : 0 정답 : 0 오류율 : 0.0%
예측 : 0 정답 : 0 오류율 : 0.0%
예측 : 0 정답 : 0 오류율 : 0.0%
예측 : 0 정답 : 0 오류율 : 0.0%
예측 : 2 정답 : 0 오류율 : 0.23%
예측 : 0 정답 : 0 오류율 : 0.23%
예측 : 0 정답 : 0 오류율 : 0.23%
예측 : 0 정답 : 0 오류율 : 0.22%
예측 : 0 정답 : 0 오류율 : 0.22%
예측 : 0 정답 : 0 오류율 : 0.22%
예측 : 0 정답 : 0 오류율 : 0.22%
예측 : 0 정답 : 0 오류율 : 0.22%
예측 : 0 정답 : 0 오류율 : 0.22%
예측 : 0 정답 : 0 오류율 : 0.22%
예측 : 0 정답 : 0 오류율 : 0.22%
예측 : 0 정답 : 0 오류율 : 0.22%
예측 : 0 정답 : 0 오류율 : 0.22%
예측 : 0 정답 : 0 오류율 : 0.22%
예측 : 2 정답 : 0 오류율 : 0.44%
예측 : 0 정답 : 0 오류율 : 0.44%
예측 : 0 정답 : 0 오류율 : 0.44%
예측 : 0 정답 : 0 오류율 : 0.44%
예측 : 0 정답 : 0 오류율 : 0.43%
예측 : 0 정답 : 0 오류율 : 0.43%
예측 : 0 정답 : 0 오류율 : 0.43%
예측 : 1 정답 : 0 오류율 : 0.65%
예측 : 1 정답 : 0 오류율 : 0.86%
예측 : 0 정답 : 0 오류율 : 0.86%
예측 : 0 정답 : 0 오류율 : 0.86%
예측 : 0 정답 : 0 오류율 : 0.86%
예측 : 0 정답 : 0 오류율 : 0.85%
예측 : 0 정답 : 0 오류율 : 0.85%
예측 : 0 정답 : 0 오류율 : 0.85%
예측 : 0 정답 : 0 오류율 : 0.85%
예측 : 0 정답 : 0 오류율 : 0.85%
예측 : 2 정답 : 0 오류율 : 1.06%
예측 : 0 정답 : 0 오류율 : 1.05%
예측 : 0 정답 : 0 오류율 : 1.05%
예측 : 0 정답 : 0 오류율 : 1.05%
예측 : 0 정답 : 0 오류율 : 1.05%
예측 : 0 정답 : 0 오류율 : 1.05%
예측 : 0 정답 : 0 오류율 : 1.04%
예측 : 0 정답 : 0 오류율 : 1.04%
예측 : 0 정답 : 0 오류율 : 1.04%
예측 : 0 정답 : 0 오류율 : 1.04%
예측 : 0 정답 : 0 오류율 : 1.04%
예측 : 0 정답 : 0 오류율 : 1.03%
예측 : 0 정답 : 0 오류율 : 1.03%
예측 : 0 정답 : 0 오류율 : 1.03%
예측 : 0 정답 : 0 오류율 : 1.03%
예측 : 0 정답 : 0 오류율 : 1.02%
예측 : 0 정답 : 0 오류율 : 1.02%
예측 : 0 정답 : 0 오류율 : 1.02%
예측 : 0 정답 : 0 오류율 : 1.02%
예측 : 0 정답 : 0 오류율 : 1.02%
예측 : 0 정답 : 0 오류율 : 1.01%
예측 : 0 정답 : 0 오류율 : 1.01%
예측 : 0 정답 : 0 오류율 : 1.01%
예측 : 0 정답 : 0 오류율 : 1.01%
예측 : 0 정답 : 0 오류율 : 1.01%
예측 : 0 정답 : 0 오류율 : 1.0%
예측 : 0 정답 : 0 오류율 : 1.0%
예측 : 0 정답 : 0 오류율 : 1.0%
예측 : 0 정답 : 0 오류율 : 1.0%
예측 : 0 정답 : 0 오류율 : 1.0%
예측 : 0 정답 : 0 오류율 : 0.99%
예측 : 0 정답 : 0 오류율 : 0.99%
예측 : 0 정답 : 0 오류율 : 0.99%
예측 : 0 정답 : 0 오류율 : 0.99%
예측 : 0 정답 : 0 오류율 : 0.99%
예측 : 0 정답 : 0 오류율 : 0.98%
예측 : 0 정답 : 0 오류율 : 0.98%
예측 : 0 정답 : 0 오류율 : 0.98%
예측 : 0 정답 : 0 오류율 : 0.98%
예측 : 0 정답 : 0 오류율 : 0.98%
예측 : 0 정답 : 0 오류율 : 0.97%
예측 : 0 정답 : 0 오류율 : 0.97%
예측 : 0 정답 : 0 오류율 : 0.97%
예측 : 0 정답 : 0 오류율 : 0.97%
예측 : 0 정답 : 0 오류율 : 0.97%
예측 : 0 정답 : 0 오류율 : 0.97%
예측 : 0 정답 : 0 오류율 : 0.96%
예측 : 0 정답 : 0 오류율 : 0.96%
예측 : 0 정답 : 0 오류율 : 0.96%
예측 : 0 정답 : 0 오류율 : 0.96%
예측 : 0 정답 : 0 오류율 : 0.96%
예측 : 0 정답 : 0 오류율 : 0.95%
예측 : 0 정답 : 0 오류율 : 0.95%
예측 : 0 정답 : 0 오류율 : 0.95%
예측 : 0 정답 : 0 오류율 : 0.95%
예측 : 0 정답 : 0 오류율 : 0.95%
예측 : 0 정답 : 0 오류율 : 0.95%
예측 : 0 정답 : 0 오류율 : 0.94%
예측 : 0 정답 : 0 오류율 : 0.94%
예측 : 0 정답 : 0 오류율 : 0.94%
예측 : 0 정답 : 0 오류율 : 0.94%
예측 : 0 정답 : 0 오류율 : 0.94%
예측 : 0 정답 : 0 오류율 : 0.93%
예측 : 0 정답 : 0 오류율 : 0.93%
예측 : 0 정답 : 0 오류율 : 0.93%
예측 : 0 정답 : 0 오류율 : 0.93%
예측 : 0 정답 : 0 오류율 : 0.93%
예측 : 0 정답 : 0 오류율 : 0.93%
예측 : 0 정답 : 0 오류율 : 0.92%
예측 : 0 정답 : 0 오류율 : 0.92%
예측 : 0 정답 : 0 오류율 : 0.92%
예측 : 0 정답 : 0 오류율 : 0.92%
예측 : 0 정답 : 0 오류율 : 0.92%
예측 : 0 정답 : 0 오류율 : 0.92%
예측 : 0 정답 : 0 오류율 : 0.91%
예측 : 0 정답 : 0 오류율 : 0.91%
예측 : 0 정답 : 0 오류율 : 0.91%
예측 : 0 정답 : 0 오류율 : 0.91%
예측 : 0 정답 : 0 오류율 : 0.91%
예측 : 0 정답 : 0 오류율 : 0.91%
예측 : 0 정답 : 0 오류율 : 0.9%
예측 : 0 정답 : 0 오류율 : 0.9%
예측 : 0 정답 : 0 오류율 : 0.9%
예측 : 0 정답 : 0 오류율 : 0.9%
예측 : 0 정답 : 0 오류율 : 0.9%
예측 : 0 정답 : 0 오류율 : 0.9%
예측 : 0 정답 : 0 오류율 : 0.89%
예측 : 0 정답 : 0 오류율 : 0.89%
예측 : 0 정답 : 0 오류율 : 0.89%
예측 : 0 정답 : 0 오류율 : 0.89%
예측 : 0 정답 : 0 오류율 : 0.89%
예측 : 0 정답 : 0 오류율 : 0.89%
예측 : 0 정답 : 0 오류율 : 0.88%
예측 : 0 정답 : 0 오류율 : 0.88%
예측 : 0 정답 : 0 오류율 : 0.88%
예측 : 0 정답 : 0 오류율 : 0.88%
예측 : 0 정답 : 0 오류율 : 0.88%
예측 : 0 정답 : 0 오류율 : 0.88%
예측 : 0 정답 : 0 오류율 : 0.88%
예측 : 0 정답 : 0 오류율 : 0.87%
예측 : 0 정답 : 0 오류율 : 0.87%
예측 : 0 정답 : 0 오류율 : 0.87%
예측 : 0 정답 : 0 오류율 : 0.87%
예측 : 0 정답 : 0 오류율 : 0.87%
예측 : 0 정답 : 0 오류율 : 0.87%
예측 : 0 정답 : 0 오류율 : 0.87%
예측 : 0 정답 : 0 오류율 : 0.86%
예측 : 0 정답 : 0 오류율 : 0.86%
예측 : 0 정답 : 0 오류율 : 0.86%
예측 : 0 정답 : 0 오류율 : 0.86%
예측 : 0 정답 : 0 오류율 : 0.86%
예측 : 0 정답 : 0 오류율 : 0.86%
예측 : 0 정답 : 0 오류율 : 0.85%
예측 : 0 정답 : 0 오류율 : 0.85%
예측 : 0 정답 : 0 오류율 : 0.85%
예측 : 0 정답 : 0 오류율 : 0.85%
예측 : 0 정답 : 0 오류율 : 0.85%
예측 : 0 정답 : 0 오류율 : 0.85%
예측 : 0 정답 : 0 오류율 : 0.85%
예측 : 0 정답 : 0 오류율 : 0.84%
예측 : 0 정답 : 0 오류율 : 0.84%
예측 : 0 정답 : 0 오류율 : 0.84%
예측 : 0 정답 : 0 오류율 : 0.84%
예측 : 0 정답 : 0 오류율 : 0.84%
예측 : 0 정답 : 0 오류율 : 0.84%
예측 : 0 정답 : 0 오류율 : 0.84%
예측 : 0 정답 : 0 오류율 : 0.83%
예측 : 0 정답 : 0 오류율 : 0.83%
예측 : 0 정답 : 0 오류율 : 0.83%
예측 : 0 정답 : 0 오류율 : 0.83%
예측 : 0 정답 : 0 오류율 : 0.83%
예측 : 0 정답 : 0 오류율 : 0.83%
예측 : 0 정답 : 0 오류율 : 0.83%
예측 : 0 정답 : 0 오류율 : 0.83%
예측 : 0 정답 : 0 오류율 : 0.82%
예측 : 0 정답 : 0 오류율 : 0.82%
예측 : 0 정답 : 0 오류율 : 0.82%
예측 : 0 정답 : 0 오류율 : 0.82%
예측 : 0 정답 : 0 오류율 : 0.82%
예측 : 0 정답 : 0 오류율 : 0.82%
예측 : 0 정답 : 0 오류율 : 0.82%
예측 : 0 정답 : 0 오류율 : 0.81%
예측 : 0 정답 : 0 오류율 : 0.81%
예측 : 0 정답 : 0 오류율 : 0.81%
예측 : 0 정답 : 0 오류율 : 0.81%
예측 : 0 정답 : 0 오류율 : 0.81%
예측 : 0 정답 : 0 오류율 : 0.81%
예측 : 0 정답 : 0 오류율 : 0.81%
예측 : 0 정답 : 0 오류율 : 0.81%
예측 : 0 정답 : 0 오류율 : 0.8%
예측 : 0 정답 : 0 오류율 : 0.8%
예측 : 0 정답 : 0 오류율 : 0.8%
예측 : 0 정답 : 0 오류율 : 0.8%
예측 : 0 정답 : 0 오류율 : 0.8%
예측 : 0 정답 : 0 오류율 : 0.8%
예측 : 0 정답 : 0 오류율 : 0.8%
예측 : 0 정답 : 0 오류율 : 0.79%
예측 : 0 정답 : 0 오류율 : 0.79%
예측 : 0 정답 : 0 오류율 : 0.79%
예측 : 0 정답 : 0 오류율 : 0.79%
예측 : 0 정답 : 0 오류율 : 0.79%
예측 : 0 정답 : 0 오류율 : 0.79%
예측 : 0 정답 : 0 오류율 : 0.79%
예측 : 0 정답 : 0 오류율 : 0.79%
예측 : 0 정답 : 0 오류율 : 0.78%
예측 : 0 정답 : 0 오류율 : 0.78%
예측 : 0 정답 : 0 오류율 : 0.78%
예측 : 0 정답 : 0 오류율 : 0.78%
예측 : 0 정답 : 0 오류율 : 0.78%
예측 : 0 정답 : 0 오류율 : 0.78%
예측 : 0 정답 : 0 오류율 : 0.78%
예측 : 0 정답 : 0 오류율 : 0.78%
예측 : 0 정답 : 0 오류율 : 0.78%
예측 : 0 정답 : 0 오류율 : 0.77%
예측 : 0 정답 : 0 오류율 : 0.77%
예측 : 0 정답 : 0 오류율 : 0.77%
예측 : 0 정답 : 0 오류율 : 0.77%
예측 : 0 정답 : 0 오류율 : 0.77%
예측 : 0 정답 : 0 오류율 : 0.77%
예측 : 0 정답 : 0 오류율 : 0.77%
예측 : 0 정답 : 0 오류율 : 0.77%
예측 : 0 정답 : 0 오류율 : 0.76%
예측 : 0 정답 : 0 오류율 : 0.76%
예측 : 0 정답 : 0 오류율 : 0.76%
예측 : 0 정답 : 0 오류율 : 0.76%
예측 : 0 정답 : 0 오류율 : 0.76%
예측 : 0 정답 : 0 오류율 : 0.76%
예측 : 0 정답 : 0 오류율 : 0.76%
예측 : 0 정답 : 0 오류율 : 0.76%
예측 : 0 정답 : 0 오류율 : 0.76%
예측 : 0 정답 : 0 오류율 : 0.75%
예측 : 0 정답 : 0 오류율 : 0.75%
예측 : 0 정답 : 0 오류율 : 0.75%
예측 : 0 정답 : 0 오류율 : 0.75%
예측 : 0 정답 : 0 오류율 : 0.75%
예측 : 0 정답 : 0 오류율 : 0.75%
예측 : 0 정답 : 0 오류율 : 0.75%
예측 : 0 정답 : 0 오류율 : 0.75%
예측 : 0 정답 : 0 오류율 : 0.75%
예측 : 0 정답 : 0 오류율 : 0.74%
예측 : 0 정답 : 0 오류율 : 0.74%
예측 : 0 정답 : 0 오류율 : 0.74%
예측 : 0 정답 : 0 오류율 : 0.74%
예측 : 0 정답 : 0 오류율 : 0.74%
예측 : 0 정답 : 0 오류율 : 0.74%
예측 : 0 정답 : 0 오류율 : 0.74%
예측 : 0 정답 : 0 오류율 : 0.74%
예측 : 0 정답 : 0 오류율 : 0.74%
예측 : 0 정답 : 0 오류율 : 0.73%
예측 : 0 정답 : 0 오류율 : 0.73%
예측 : 0 정답 : 0 오류율 : 0.73%
예측 : 0 정답 : 0 오류율 : 0.73%
예측 : 0 정답 : 0 오류율 : 0.73%
예측 : 0 정답 : 0 오류율 : 0.73%
예측 : 0 정답 : 0 오류율 : 0.73%
예측 : 0 정답 : 0 오류율 : 0.73%
예측 : 0 정답 : 0 오류율 : 0.73%
예측 : 0 정답 : 0 오류율 : 0.72%
예측 : 0 정답 : 0 오류율 : 0.72%
예측 : 0 정답 : 0 오류율 : 0.72%
예측 : 0 정답 : 0 오류율 : 0.72%
예측 : 0 정답 : 0 오류율 : 0.72%
예측 : 0 정답 : 0 오류율 : 0.72%
예측 : 0 정답 : 0 오류율 : 0.72%
예측 : 0 정답 : 0 오류율 : 0.72%
예측 : 0 정답 : 0 오류율 : 0.72%
예측 : 0 정답 : 0 오류율 : 0.72%
예측 : 0 정답 : 0 오류율 : 0.71%
예측 : 0 정답 : 0 오류율 : 0.71%
예측 : 0 정답 : 0 오류율 : 0.71%
예측 : 0 정답 : 0 오류율 : 0.71%
예측 : 0 정답 : 0 오류율 : 0.71%
예측 : 0 정답 : 0 오류율 : 0.71%
예측 : 0 정답 : 0 오류율 : 0.71%
예측 : 0 정답 : 0 오류율 : 0.71%
예측 : 0 정답 : 0 오류율 : 0.71%
예측 : 0 정답 : 0 오류율 : 0.71%
예측 : 0 정답 : 0 오류율 : 0.7%
예측 : 0 정답 : 0 오류율 : 0.7%
예측 : 2 정답 : 0 오류율 : 0.84%
예측 : 0 정답 : 0 오류율 : 0.84%
예측 : 0 정답 : 0 오류율 : 0.84%
예측 : 0 정답 : 0 오류율 : 0.84%
예측 : 0 정답 : 0 오류율 : 0.84%
예측 : 0 정답 : 0 오류율 : 0.84%
예측 : 0 정답 : 0 오류율 : 0.84%
예측 : 0 정답 : 0 오류율 : 0.83%
예측 : 0 정답 : 0 오류율 : 0.83%
예측 : 0 정답 : 0 오류율 : 0.83%
예측 : 0 정답 : 0 오류율 : 0.83%
예측 : 0 정답 : 0 오류율 : 0.83%
예측 : 0 정답 : 0 오류율 : 0.83%
예측 : 0 정답 : 0 오류율 : 0.83%
예측 : 0 정답 : 0 오류율 : 0.83%
예측 : 0 정답 : 0 오류율 : 0.83%
예측 : 0 정답 : 0 오류율 : 0.82%
예측 : 0 정답 : 0 오류율 : 0.82%
예측 : 0 정답 : 0 오류율 : 0.82%
예측 : 0 정답 : 0 오류율 : 0.82%
예측 : 0 정답 : 0 오류율 : 0.82%
예측 : 0 정답 : 0 오류율 : 0.82%
예측 : 0 정답 : 0 오류율 : 0.82%
예측 : 0 정답 : 0 오류율 : 0.82%
예측 : 0 정답 : 0 오류율 : 0.82%
예측 : 0 정답 : 0 오류율 : 0.81%
예측 : 2 정답 : 0 오류율 : 0.95%
예측 : 0 정답 : 0 오류율 : 0.95%
예측 : 0 정답 : 0 오류율 : 0.95%
예측 : 0 정답 : 0 오류율 : 0.94%
예측 : 0 정답 : 0 오류율 : 0.94%
예측 : 0 정답 : 0 오류율 : 0.94%
예측 : 0 정답 : 0 오류율 : 0.94%
예측 : 0 정답 : 0 오류율 : 0.94%
예측 : 0 정답 : 0 오류율 : 0.94%
예측 : 0 정답 : 0 오류율 : 0.94%
예측 : 0 정답 : 0 오류율 : 0.94%
예측 : 0 정답 : 0 오류율 : 0.93%
예측 : 0 정답 : 0 오류율 : 0.93%
예측 : 0 정답 : 0 오류율 : 0.93%
예측 : 0 정답 : 0 오류율 : 0.93%
예측 : 0 정답 : 0 오류율 : 0.93%
예측 : 0 정답 : 0 오류율 : 0.93%
예측 : 0 정답 : 0 오류율 : 0.93%
예측 : 0 정답 : 0 오류율 : 0.93%
예측 : 0 정답 : 0 오류율 : 0.92%
예측 : 0 정답 : 0 오류율 : 0.92%
예측 : 0 정답 : 0 오류율 : 0.92%
예측 : 0 정답 : 0 오류율 : 0.92%
예측 : 0 정답 : 0 오류율 : 0.92%
예측 : 0 정답 : 0 오류율 : 0.92%
예측 : 0 정답 : 0 오류율 : 0.92%
예측 : 0 정답 : 0 오류율 : 0.92%
예측 : 0 정답 : 0 오류율 : 0.92%
예측 : 0 정답 : 0 오류율 : 0.91%
예측 : 0 정답 : 0 오류율 : 0.91%
예측 : 0 정답 : 0 오류율 : 0.91%
예측 : 0 정답 : 0 오류율 : 0.91%
예측 : 0 정답 : 0 오류율 : 0.91%
예측 : 0 정답 : 0 오류율 : 0.91%
예측 : 0 정답 : 0 오류율 : 0.91%
예측 : 0 정답 : 0 오류율 : 0.91%
예측 : 0 정답 : 0 오류율 : 0.9%
예측 : 0 정답 : 0 오류율 : 0.9%
예측 : 0 정답 : 0 오류율 : 0.9%
예측 : 0 정답 : 0 오류율 : 0.9%
예측 : 0 정답 : 0 오류율 : 0.9%
예측 : 0 정답 : 0 오류율 : 0.9%
예측 : 0 정답 : 0 오류율 : 0.9%
예측 : 0 정답 : 0 오류율 : 0.9%
예측 : 0 정답 : 0 오류율 : 0.9%
예측 : 0 정답 : 0 오류율 : 0.89%
예측 : 0 정답 : 0 오류율 : 0.89%
예측 : 0 정답 : 0 오류율 : 0.89%
예측 : 0 정답 : 0 오류율 : 0.89%
예측 : 0 정답 : 0 오류율 : 0.89%
예측 : 0 정답 : 0 오류율 : 0.89%
예측 : 0 정답 : 0 오류율 : 0.89%
예측 : 0 정답 : 0 오류율 : 0.89%
예측 : 0 정답 : 0 오류율 : 0.88%
예측 : 0 정답 : 0 오류율 : 0.88%
예측 : 0 정답 : 0 오류율 : 0.88%
예측 : 0 정답 : 0 오류율 : 0.88%
예측 : 0 정답 : 0 오류율 : 0.88%
예측 : 0 정답 : 0 오류율 : 0.88%
예측 : 0 정답 : 0 오류율 : 0.88%
예측 : 0 정답 : 0 오류율 : 0.88%
예측 : 0 정답 : 0 오류율 : 0.88%
예측 : 0 정답 : 0 오류율 : 0.88%
예측 : 0 정답 : 0 오류율 : 0.87%
예측 : 0 정답 : 0 오류율 : 0.87%
예측 : 0 정답 : 0 오류율 : 0.87%
예측 : 0 정답 : 0 오류율 : 0.87%
예측 : 0 정답 : 0 오류율 : 0.87%
예측 : 0 정답 : 0 오류율 : 0.87%
예측 : 0 정답 : 0 오류율 : 0.87%
예측 : 0 정답 : 0 오류율 : 0.87%
예측 : 0 정답 : 0 오류율 : 0.87%
예측 : 0 정답 : 0 오류율 : 0.86%
예측 : 0 정답 : 0 오류율 : 0.86%
예측 : 0 정답 : 0 오류율 : 0.86%
예측 : 0 정답 : 0 오류율 : 0.86%
예측 : 0 정답 : 0 오류율 : 0.86%
예측 : 0 정답 : 0 오류율 : 0.86%
예측 : 0 정답 : 0 오류율 : 0.86%
예측 : 0 정답 : 0 오류율 : 0.86%
예측 : 0 정답 : 0 오류율 : 0.86%
예측 : 0 정답 : 0 오류율 : 0.85%
예측 : 0 정답 : 0 오류율 : 0.85%
예측 : 0 정답 : 0 오류율 : 0.85%
예측 : 0 정답 : 0 오류율 : 0.85%
예측 : 0 정답 : 0 오류율 : 0.85%
예측 : 0 정답 : 0 오류율 : 0.85%
예측 : 0 정답 : 0 오류율 : 0.85%
예측 : 0 정답 : 0 오류율 : 0.85%
예측 : 0 정답 : 0 오류율 : 0.85%
예측 : 0 정답 : 0 오류율 : 0.85%
예측 : 0 정답 : 0 오류율 : 0.84%
예측 : 0 정답 : 0 오류율 : 0.84%
예측 : 0 정답 : 0 오류율 : 0.84%
예측 : 0 정답 : 0 오류율 : 0.84%
예측 : 0 정답 : 0 오류율 : 0.84%
예측 : 0 정답 : 0 오류율 : 0.84%
예측 : 0 정답 : 0 오류율 : 0.84%
예측 : 0 정답 : 0 오류율 : 0.84%
예측 : 0 정답 : 0 오류율 : 0.84%
예측 : 0 정답 : 0 오류율 : 0.84%
예측 : 0 정답 : 0 오류율 : 0.83%
예측 : 0 정답 : 0 오류율 : 0.83%
예측 : 0 정답 : 0 오류율 : 0.83%
예측 : 0 정답 : 0 오류율 : 0.83%
예측 : 0 정답 : 0 오류율 : 0.83%
예측 : 0 정답 : 0 오류율 : 0.83%
예측 : 0 정답 : 0 오류율 : 0.83%
예측 : 0 정답 : 0 오류율 : 0.83%
예측 : 0 정답 : 0 오류율 : 0.83%
예측 : 0 정답 : 0 오류율 : 0.83%
예측 : 0 정답 : 0 오류율 : 0.82%
예측 : 0 정답 : 0 오류율 : 0.82%
예측 : 0 정답 : 0 오류율 : 0.82%
예측 : 0 정답 : 0 오류율 : 0.82%
예측 : 0 정답 : 0 오류율 : 0.82%
예측 : 0 정답 : 0 오류율 : 0.82%
예측 : 0 정답 : 0 오류율 : 0.82%
예측 : 0 정답 : 0 오류율 : 0.82%
예측 : 0 정답 : 0 오류율 : 0.82%
예측 : 0 정답 : 0 오류율 : 0.82%
예측 : 0 정답 : 0 오류율 : 0.81%
예측 : 0 정답 : 0 오류율 : 0.81%
예측 : 0 정답 : 0 오류율 : 0.81%
예측 : 0 정답 : 0 오류율 : 0.81%
예측 : 0 정답 : 0 오류율 : 0.81%
예측 : 0 정답 : 0 오류율 : 0.81%
예측 : 0 정답 : 0 오류율 : 0.81%
예측 : 0 정답 : 0 오류율 : 0.81%
예측 : 0 정답 : 0 오류율 : 0.81%
예측 : 0 정답 : 0 오류율 : 0.81%
예측 : 0 정답 : 0 오류율 : 0.81%
예측 : 0 정답 : 0 오류율 : 0.8%
예측 : 0 정답 : 0 오류율 : 0.8%
예측 : 0 정답 : 0 오류율 : 0.8%
예측 : 0 정답 : 0 오류율 : 0.8%
예측 : 0 정답 : 0 오류율 : 0.8%
예측 : 0 정답 : 0 오류율 : 0.8%
예측 : 0 정답 : 0 오류율 : 0.8%
예측 : 0 정답 : 0 오류율 : 0.8%
예측 : 0 정답 : 0 오류율 : 0.8%
예측 : 0 정답 : 0 오류율 : 0.8%
예측 : 0 정답 : 0 오류율 : 0.8%
예측 : 0 정답 : 0 오류율 : 0.79%
예측 : 0 정답 : 0 오류율 : 0.79%
예측 : 0 정답 : 0 오류율 : 0.79%
예측 : 0 정답 : 0 오류율 : 0.79%
예측 : 0 정답 : 0 오류율 : 0.79%
예측 : 0 정답 : 0 오류율 : 0.79%
예측 : 0 정답 : 0 오류율 : 0.79%
예측 : 0 정답 : 0 오류율 : 0.79%
예측 : 0 정답 : 0 오류율 : 0.79%
예측 : 0 정답 : 0 오류율 : 0.79%
예측 : 0 정답 : 0 오류율 : 0.79%
예측 : 0 정답 : 0 오류율 : 0.78%
예측 : 0 정답 : 0 오류율 : 0.78%
예측 : 0 정답 : 0 오류율 : 0.78%
예측 : 0 정답 : 0 오류율 : 0.78%
예측 : 0 정답 : 0 오류율 : 0.78%
예측 : 0 정답 : 0 오류율 : 0.78%
예측 : 0 정답 : 0 오류율 : 0.78%
예측 : 0 정답 : 0 오류율 : 0.78%
예측 : 0 정답 : 0 오류율 : 0.78%
예측 : 0 정답 : 0 오류율 : 0.78%
예측 : 0 정답 : 0 오류율 : 0.78%
예측 : 0 정답 : 0 오류율 : 0.78%
예측 : 0 정답 : 0 오류율 : 0.77%
예측 : 0 정답 : 0 오류율 : 0.77%
예측 : 0 정답 : 0 오류율 : 0.77%
예측 : 0 정답 : 0 오류율 : 0.77%
예측 : 0 정답 : 0 오류율 : 0.77%
예측 : 0 정답 : 0 오류율 : 0.77%
예측 : 0 정답 : 0 오류율 : 0.77%
예측 : 0 정답 : 0 오류율 : 0.77%
예측 : 0 정답 : 0 오류율 : 0.77%
예측 : 0 정답 : 0 오류율 : 0.77%
예측 : 0 정답 : 0 오류율 : 0.77%
예측 : 0 정답 : 0 오류율 : 0.77%
예측 : 0 정답 : 0 오류율 : 0.76%
예측 : 0 정답 : 0 오류율 : 0.76%
예측 : 0 정답 : 0 오류율 : 0.76%
예측 : 0 정답 : 0 오류율 : 0.76%
예측 : 0 정답 : 0 오류율 : 0.76%
예측 : 0 정답 : 0 오류율 : 0.76%
예측 : 0 정답 : 0 오류율 : 0.76%
예측 : 0 정답 : 0 오류율 : 0.76%
예측 : 0 정답 : 0 오류율 : 0.76%
예측 : 0 정답 : 0 오류율 : 0.76%
예측 : 0 정답 : 0 오류율 : 0.76%
예측 : 0 정답 : 0 오류율 : 0.76%
예측 : 0 정답 : 0 오류율 : 0.75%
예측 : 0 정답 : 0 오류율 : 0.75%
예측 : 0 정답 : 0 오류율 : 0.75%
예측 : 0 정답 : 0 오류율 : 0.75%
예측 : 0 정답 : 0 오류율 : 0.75%
예측 : 0 정답 : 0 오류율 : 0.75%
예측 : 0 정답 : 0 오류율 : 0.75%
예측 : 0 정답 : 0 오류율 : 0.75%
예측 : 0 정답 : 0 오류율 : 0.75%
예측 : 0 정답 : 0 오류율 : 0.75%
예측 : 0 정답 : 0 오류율 : 0.75%
예측 : 0 정답 : 0 오류율 : 0.75%
예측 : 0 정답 : 0 오류율 : 0.74%
예측 : 0 정답 : 0 오류율 : 0.74%
예측 : 0 정답 : 0 오류율 : 0.74%
예측 : 0 정답 : 0 오류율 : 0.74%
예측 : 0 정답 : 0 오류율 : 0.74%
예측 : 0 정답 : 0 오류율 : 0.74%
예측 : 0 정답 : 0 오류율 : 0.74%
예측 : 0 정답 : 0 오류율 : 0.74%
예측 : 0 정답 : 0 오류율 : 0.74%
예측 : 0 정답 : 0 오류율 : 0.74%
예측 : 0 정답 : 0 오류율 : 0.74%
예측 : 0 정답 : 0 오류율 : 0.74%
예측 : 0 정답 : 0 오류율 : 0.74%
예측 : 0 정답 : 0 오류율 : 0.73%
예측 : 0 정답 : 0 오류율 : 0.73%
예측 : 0 정답 : 0 오류율 : 0.73%
예측 : 0 정답 : 0 오류율 : 0.73%
예측 : 0 정답 : 0 오류율 : 0.73%
예측 : 0 정답 : 0 오류율 : 0.73%
예측 : 0 정답 : 0 오류율 : 0.73%
예측 : 0 정답 : 0 오류율 : 0.73%
예측 : 0 정답 : 0 오류율 : 0.73%
예측 : 0 정답 : 0 오류율 : 0.73%
예측 : 0 정답 : 0 오류율 : 0.73%
예측 : 0 정답 : 0 오류율 : 0.73%
예측 : 0 정답 : 0 오류율 : 0.73%
예측 : 0 정답 : 0 오류율 : 0.72%
예측 : 0 정답 : 0 오류율 : 0.72%
예측 : 0 정답 : 0 오류율 : 0.72%
예측 : 0 정답 : 0 오류율 : 0.72%
예측 : 0 정답 : 0 오류율 : 0.72%
예측 : 0 정답 : 0 오류율 : 0.72%
예측 : 0 정답 : 0 오류율 : 0.72%
예측 : 0 정답 : 0 오류율 : 0.72%
예측 : 0 정답 : 0 오류율 : 0.72%
예측 : 0 정답 : 0 오류율 : 0.72%
예측 : 0 정답 : 0 오류율 : 0.72%
예측 : 0 정답 : 0 오류율 : 0.72%
예측 : 0 정답 : 0 오류율 : 0.72%
예측 : 0 정답 : 0 오류율 : 0.72%
예측 : 0 정답 : 0 오류율 : 0.71%
예측 : 1 정답 : 1 오류율 : 0.71%
예측 : 1 정답 : 1 오류율 : 0.71%
예측 : 1 정답 : 1 오류율 : 0.71%
예측 : 1 정답 : 1 오류율 : 0.71%
예측 : 1 정답 : 1 오류율 : 0.71%
예측 : 1 정답 : 1 오류율 : 0.71%
예측 : 1 정답 : 1 오류율 : 0.71%
예측 : 1 정답 : 1 오류율 : 0.71%
예측 : 1 정답 : 1 오류율 : 0.71%
예측 : 1 정답 : 1 오류율 : 0.71%
예측 : 1 정답 : 1 오류율 : 0.71%
예측 : 1 정답 : 1 오류율 : 0.71%
예측 : 1 정답 : 1 오류율 : 0.7%
예측 : 1 정답 : 1 오류율 : 0.7%
예측 : 1 정답 : 1 오류율 : 0.7%
예측 : 1 정답 : 1 오류율 : 0.7%
예측 : 1 정답 : 1 오류율 : 0.7%
예측 : 1 정답 : 1 오류율 : 0.7%
예측 : 1 정답 : 1 오류율 : 0.7%
예측 : 1 정답 : 1 오류율 : 0.7%
예측 : 1 정답 : 1 오류율 : 0.7%
예측 : 1 정답 : 1 오류율 : 0.7%
예측 : 1 정답 : 1 오류율 : 0.7%
예측 : 1 정답 : 1 오류율 : 0.7%
예측 : 1 정답 : 1 오류율 : 0.7%
예측 : 1 정답 : 1 오류율 : 0.7%
예측 : 1 정답 : 1 오류율 : 0.7%
예측 : 1 정답 : 1 오류율 : 0.69%
예측 : 1 정답 : 1 오류율 : 0.69%
예측 : 1 정답 : 1 오류율 : 0.69%
예측 : 1 정답 : 1 오류율 : 0.69%
예측 : 1 정답 : 1 오류율 : 0.69%
예측 : 1 정답 : 1 오류율 : 0.69%
예측 : 1 정답 : 1 오류율 : 0.69%
예측 : 1 정답 : 1 오류율 : 0.69%
예측 : 1 정답 : 1 오류율 : 0.69%
예측 : 1 정답 : 1 오류율 : 0.69%
예측 : 1 정답 : 1 오류율 : 0.69%
예측 : 1 정답 : 1 오류율 : 0.69%
예측 : 1 정답 : 1 오류율 : 0.69%
예측 : 1 정답 : 1 오류율 : 0.69%
예측 : 1 정답 : 1 오류율 : 0.68%
예측 : 1 정답 : 1 오류율 : 0.68%
예측 : 1 정답 : 1 오류율 : 0.68%
예측 : 1 정답 : 1 오류율 : 0.68%
예측 : 1 정답 : 1 오류율 : 0.68%
예측 : 1 정답 : 1 오류율 : 0.68%
예측 : 1 정답 : 1 오류율 : 0.68%
예측 : 1 정답 : 1 오류율 : 0.68%
예측 : 1 정답 : 1 오류율 : 0.68%
예측 : 1 정답 : 1 오류율 : 0.68%
예측 : 1 정답 : 1 오류율 : 0.68%
예측 : 1 정답 : 1 오류율 : 0.68%
예측 : 1 정답 : 1 오류율 : 0.68%
예측 : 1 정답 : 1 오류율 : 0.68%
예측 : 1 정답 : 1 오류율 : 0.68%
예측 : 1 정답 : 1 오류율 : 0.68%
예측 : 1 정답 : 1 오류율 : 0.67%
예측 : 1 정답 : 1 오류율 : 0.67%
예측 : 1 정답 : 1 오류율 : 0.67%
예측 : 1 정답 : 1 오류율 : 0.67%
예측 : 1 정답 : 1 오류율 : 0.67%
예측 : 1 정답 : 1 오류율 : 0.67%
예측 : 1 정답 : 1 오류율 : 0.67%
예측 : 1 정답 : 1 오류율 : 0.67%
예측 : 1 정답 : 1 오류율 : 0.67%
예측 : 1 정답 : 1 오류율 : 0.67%
예측 : 1 정답 : 1 오류율 : 0.67%
예측 : 1 정답 : 1 오류율 : 0.67%
예측 : 1 정답 : 1 오류율 : 0.67%
예측 : 1 정답 : 1 오류율 : 0.67%
예측 : 1 정답 : 1 오류율 : 0.67%
예측 : 1 정답 : 1 오류율 : 0.66%
예측 : 1 정답 : 1 오류율 : 0.66%
예측 : 1 정답 : 1 오류율 : 0.66%
예측 : 1 정답 : 1 오류율 : 0.66%
예측 : 1 정답 : 1 오류율 : 0.66%
예측 : 1 정답 : 1 오류율 : 0.66%
예측 : 1 정답 : 1 오류율 : 0.66%
예측 : 1 정답 : 1 오류율 : 0.66%
예측 : 1 정답 : 1 오류율 : 0.66%
예측 : 1 정답 : 1 오류율 : 0.66%
예측 : 1 정답 : 1 오류율 : 0.66%
예측 : 1 정답 : 1 오류율 : 0.66%
예측 : 1 정답 : 1 오류율 : 0.66%
예측 : 1 정답 : 1 오류율 : 0.66%
예측 : 1 정답 : 1 오류율 : 0.66%
예측 : 1 정답 : 1 오류율 : 0.66%
예측 : 1 정답 : 1 오류율 : 0.65%
예측 : 1 정답 : 1 오류율 : 0.65%
예측 : 1 정답 : 1 오류율 : 0.65%
예측 : 1 정답 : 1 오류율 : 0.65%
예측 : 1 정답 : 1 오류율 : 0.65%
예측 : 1 정답 : 1 오류율 : 0.65%
예측 : 1 정답 : 1 오류율 : 0.65%
예측 : 1 정답 : 1 오류율 : 0.65%
예측 : 1 정답 : 1 오류율 : 0.65%
예측 : 1 정답 : 1 오류율 : 0.65%
예측 : 1 정답 : 1 오류율 : 0.65%
예측 : 1 정답 : 1 오류율 : 0.65%
예측 : 1 정답 : 1 오류율 : 0.65%
예측 : 1 정답 : 1 오류율 : 0.65%
예측 : 1 정답 : 1 오류율 : 0.65%
예측 : 1 정답 : 1 오류율 : 0.65%
예측 : 1 정답 : 1 오류율 : 0.65%
예측 : 1 정답 : 1 오류율 : 0.64%
예측 : 1 정답 : 1 오류율 : 0.64%
예측 : 1 정답 : 1 오류율 : 0.64%
예측 : 1 정답 : 1 오류율 : 0.64%
예측 : 1 정답 : 1 오류율 : 0.64%
예측 : 1 정답 : 1 오류율 : 0.64%
예측 : 1 정답 : 1 오류율 : 0.64%
예측 : 1 정답 : 1 오류율 : 0.64%
예측 : 1 정답 : 1 오류율 : 0.64%
예측 : 1 정답 : 1 오류율 : 0.64%
예측 : 1 정답 : 1 오류율 : 0.64%
예측 : 1 정답 : 1 오류율 : 0.64%
예측 : 1 정답 : 1 오류율 : 0.64%
예측 : 1 정답 : 1 오류율 : 0.64%
예측 : 1 정답 : 1 오류율 : 0.64%
예측 : 1 정답 : 1 오류율 : 0.64%
예측 : 1 정답 : 1 오류율 : 0.64%
예측 : 1 정답 : 1 오류율 : 0.63%
예측 : 1 정답 : 1 오류율 : 0.63%
예측 : 1 정답 : 1 오류율 : 0.63%
예측 : 1 정답 : 1 오류율 : 0.63%
예측 : 1 정답 : 1 오류율 : 0.63%
예측 : 1 정답 : 1 오류율 : 0.63%
예측 : 1 정답 : 1 오류율 : 0.63%
예측 : 1 정답 : 1 오류율 : 0.63%
예측 : 1 정답 : 1 오류율 : 0.63%
예측 : 1 정답 : 1 오류율 : 0.63%
예측 : 1 정답 : 1 오류율 : 0.63%
예측 : 1 정답 : 1 오류율 : 0.63%
예측 : 1 정답 : 1 오류율 : 0.63%
예측 : 1 정답 : 1 오류율 : 0.63%
예측 : 1 정답 : 1 오류율 : 0.63%
예측 : 1 정답 : 1 오류율 : 0.63%
예측 : 1 정답 : 1 오류율 : 0.63%
예측 : 1 정답 : 1 오류율 : 0.62%
예측 : 1 정답 : 1 오류율 : 0.62%
예측 : 1 정답 : 1 오류율 : 0.62%
예측 : 1 정답 : 1 오류율 : 0.62%
예측 : 1 정답 : 1 오류율 : 0.62%
예측 : 1 정답 : 1 오류율 : 0.62%
예측 : 1 정답 : 1 오류율 : 0.62%
예측 : 1 정답 : 1 오류율 : 0.62%
예측 : 1 정답 : 1 오류율 : 0.62%
예측 : 1 정답 : 1 오류율 : 0.62%
예측 : 1 정답 : 1 오류율 : 0.62%
예측 : 1 정답 : 1 오류율 : 0.62%
예측 : 1 정답 : 1 오류율 : 0.62%
예측 : 1 정답 : 1 오류율 : 0.62%
예측 : 1 정답 : 1 오류율 : 0.62%
예측 : 1 정답 : 1 오류율 : 0.62%
예측 : 1 정답 : 1 오류율 : 0.62%
예측 : 1 정답 : 1 오류율 : 0.62%
예측 : 1 정답 : 1 오류율 : 0.62%
예측 : 1 정답 : 1 오류율 : 0.61%
예측 : 1 정답 : 1 오류율 : 0.61%
예측 : 1 정답 : 1 오류율 : 0.61%
예측 : 1 정답 : 1 오류율 : 0.61%
예측 : 1 정답 : 1 오류율 : 0.61%
예측 : 1 정답 : 1 오류율 : 0.61%
예측 : 1 정답 : 1 오류율 : 0.61%
예측 : 1 정답 : 1 오류율 : 0.61%
예측 : 1 정답 : 1 오류율 : 0.61%
예측 : 1 정답 : 1 오류율 : 0.61%
예측 : 1 정답 : 1 오류율 : 0.61%
예측 : 1 정답 : 1 오류율 : 0.61%
예측 : 1 정답 : 1 오류율 : 0.61%
예측 : 1 정답 : 1 오류율 : 0.61%
예측 : 1 정답 : 1 오류율 : 0.61%
예측 : 1 정답 : 1 오류율 : 0.61%
예측 : 1 정답 : 1 오류율 : 0.61%
예측 : 1 정답 : 1 오류율 : 0.61%
예측 : 1 정답 : 1 오류율 : 0.61%
예측 : 1 정답 : 1 오류율 : 0.6%
예측 : 1 정답 : 1 오류율 : 0.6%
예측 : 1 정답 : 1 오류율 : 0.6%
예측 : 1 정답 : 1 오류율 : 0.6%
예측 : 1 정답 : 1 오류율 : 0.6%
예측 : 1 정답 : 1 오류율 : 0.6%
예측 : 1 정답 : 1 오류율 : 0.6%
예측 : 1 정답 : 1 오류율 : 0.6%
예측 : 1 정답 : 1 오류율 : 0.6%
예측 : 1 정답 : 1 오류율 : 0.6%
예측 : 1 정답 : 1 오류율 : 0.6%
예측 : 1 정답 : 1 오류율 : 0.6%
예측 : 1 정답 : 1 오류율 : 0.6%
예측 : 1 정답 : 1 오류율 : 0.6%
예측 : 1 정답 : 1 오류율 : 0.6%
예측 : 1 정답 : 1 오류율 : 0.6%
예측 : 1 정답 : 1 오류율 : 0.6%
예측 : 1 정답 : 1 오류율 : 0.6%
예측 : 1 정답 : 1 오류율 : 0.6%
예측 : 1 정답 : 1 오류율 : 0.59%
예측 : 1 정답 : 1 오류율 : 0.59%
예측 : 1 정답 : 1 오류율 : 0.59%
예측 : 1 정답 : 1 오류율 : 0.59%
예측 : 1 정답 : 1 오류율 : 0.59%
예측 : 1 정답 : 1 오류율 : 0.59%
예측 : 1 정답 : 1 오류율 : 0.59%
예측 : 1 정답 : 1 오류율 : 0.59%
예측 : 1 정답 : 1 오류율 : 0.59%
예측 : 1 정답 : 1 오류율 : 0.59%
예측 : 1 정답 : 1 오류율 : 0.59%
예측 : 1 정답 : 1 오류율 : 0.59%
예측 : 1 정답 : 1 오류율 : 0.59%
예측 : 1 정답 : 1 오류율 : 0.59%
예측 : 1 정답 : 1 오류율 : 0.59%
예측 : 1 정답 : 1 오류율 : 0.59%
예측 : 1 정답 : 1 오류율 : 0.59%
예측 : 1 정답 : 1 오류율 : 0.59%
예측 : 1 정답 : 1 오류율 : 0.59%
예측 : 1 정답 : 1 오류율 : 0.59%
예측 : 1 정답 : 1 오류율 : 0.58%
예측 : 1 정답 : 1 오류율 : 0.58%
예측 : 1 정답 : 1 오류율 : 0.58%
예측 : 1 정답 : 1 오류율 : 0.58%
예측 : 1 정답 : 1 오류율 : 0.58%
예측 : 1 정답 : 1 오류율 : 0.58%
예측 : 1 정답 : 1 오류율 : 0.58%
예측 : 1 정답 : 1 오류율 : 0.58%
예측 : 1 정답 : 1 오류율 : 0.58%
예측 : 1 정답 : 1 오류율 : 0.58%
예측 : 1 정답 : 1 오류율 : 0.58%
예측 : 1 정답 : 1 오류율 : 0.58%
예측 : 1 정답 : 1 오류율 : 0.58%
예측 : 1 정답 : 1 오류율 : 0.58%
예측 : 1 정답 : 1 오류율 : 0.58%
예측 : 1 정답 : 1 오류율 : 0.58%
예측 : 1 정답 : 1 오류율 : 0.58%
예측 : 1 정답 : 1 오류율 : 0.58%
예측 : 1 정답 : 1 오류율 : 0.58%
예측 : 1 정답 : 1 오류율 : 0.58%
예측 : 1 정답 : 1 오류율 : 0.58%
예측 : 1 정답 : 1 오류율 : 0.57%
예측 : 1 정답 : 1 오류율 : 0.57%
예측 : 1 정답 : 1 오류율 : 0.57%
예측 : 1 정답 : 1 오류율 : 0.57%
예측 : 1 정답 : 1 오류율 : 0.57%
예측 : 1 정답 : 1 오류율 : 0.57%
예측 : 1 정답 : 1 오류율 : 0.57%
예측 : 1 정답 : 1 오류율 : 0.57%
예측 : 1 정답 : 1 오류율 : 0.57%
예측 : 1 정답 : 1 오류율 : 0.57%
예측 : 1 정답 : 1 오류율 : 0.57%
예측 : 1 정답 : 1 오류율 : 0.57%
예측 : 1 정답 : 1 오류율 : 0.57%
예측 : 1 정답 : 1 오류율 : 0.57%
예측 : 1 정답 : 1 오류율 : 0.57%
예측 : 1 정답 : 1 오류율 : 0.57%
예측 : 1 정답 : 1 오류율 : 0.57%
예측 : 1 정답 : 1 오류율 : 0.57%
예측 : 1 정답 : 1 오류율 : 0.57%
예측 : 1 정답 : 1 오류율 : 0.57%
예측 : 1 정답 : 1 오류율 : 0.57%
예측 : 1 정답 : 1 오류율 : 0.56%
예측 : 1 정답 : 1 오류율 : 0.56%
예측 : 1 정답 : 1 오류율 : 0.56%
예측 : 1 정답 : 1 오류율 : 0.56%
예측 : 1 정답 : 1 오류율 : 0.56%
예측 : 1 정답 : 1 오류율 : 0.56%
예측 : 1 정답 : 1 오류율 : 0.56%
예측 : 1 정답 : 1 오류율 : 0.56%
예측 : 1 정답 : 1 오류율 : 0.56%
예측 : 1 정답 : 1 오류율 : 0.56%
예측 : 1 정답 : 1 오류율 : 0.56%
예측 : 1 정답 : 1 오류율 : 0.56%
예측 : 1 정답 : 1 오류율 : 0.56%
예측 : 1 정답 : 1 오류율 : 0.56%
예측 : 1 정답 : 1 오류율 : 0.56%
예측 : 1 정답 : 1 오류율 : 0.56%
예측 : 1 정답 : 1 오류율 : 0.56%
예측 : 1 정답 : 1 오류율 : 0.56%
예측 : 1 정답 : 1 오류율 : 0.56%
예측 : 1 정답 : 1 오류율 : 0.56%
예측 : 1 정답 : 1 오류율 : 0.56%
예측 : 1 정답 : 1 오류율 : 0.56%
예측 : 1 정답 : 1 오류율 : 0.56%
예측 : 1 정답 : 1 오류율 : 0.55%
예측 : 1 정답 : 1 오류율 : 0.55%
예측 : 1 정답 : 1 오류율 : 0.55%
예측 : 1 정답 : 1 오류율 : 0.55%
예측 : 1 정답 : 1 오류율 : 0.55%
예측 : 1 정답 : 1 오류율 : 0.55%
예측 : 1 정답 : 1 오류율 : 0.55%
예측 : 1 정답 : 1 오류율 : 0.55%
예측 : 1 정답 : 1 오류율 : 0.55%
예측 : 1 정답 : 1 오류율 : 0.55%
예측 : 1 정답 : 1 오류율 : 0.55%
예측 : 1 정답 : 1 오류율 : 0.55%
예측 : 1 정답 : 1 오류율 : 0.55%
예측 : 1 정답 : 1 오류율 : 0.55%
예측 : 1 정답 : 1 오류율 : 0.55%
예측 : 1 정답 : 1 오류율 : 0.55%
예측 : 1 정답 : 1 오류율 : 0.55%
예측 : 1 정답 : 1 오류율 : 0.55%
예측 : 1 정답 : 1 오류율 : 0.55%
예측 : 1 정답 : 1 오류율 : 0.55%
예측 : 1 정답 : 1 오류율 : 0.55%
예측 : 1 정답 : 1 오류율 : 0.55%
예측 : 1 정답 : 1 오류율 : 0.55%
예측 : 1 정답 : 1 오류율 : 0.54%
예측 : 1 정답 : 1 오류율 : 0.54%
예측 : 1 정답 : 1 오류율 : 0.54%
예측 : 1 정답 : 1 오류율 : 0.54%
예측 : 1 정답 : 1 오류율 : 0.54%
예측 : 1 정답 : 1 오류율 : 0.54%
예측 : 1 정답 : 1 오류율 : 0.54%
예측 : 1 정답 : 1 오류율 : 0.54%
예측 : 1 정답 : 1 오류율 : 0.54%
예측 : 1 정답 : 1 오류율 : 0.54%
예측 : 1 정답 : 1 오류율 : 0.54%
예측 : 1 정답 : 1 오류율 : 0.54%
예측 : 1 정답 : 1 오류율 : 0.54%
예측 : 1 정답 : 1 오류율 : 0.54%
예측 : 1 정답 : 1 오류율 : 0.54%
예측 : 1 정답 : 1 오류율 : 0.54%
예측 : 1 정답 : 1 오류율 : 0.54%
예측 : 1 정답 : 1 오류율 : 0.54%
예측 : 1 정답 : 1 오류율 : 0.54%
예측 : 1 정답 : 1 오류율 : 0.54%
예측 : 1 정답 : 1 오류율 : 0.54%
예측 : 1 정답 : 1 오류율 : 0.54%
예측 : 1 정답 : 1 오류율 : 0.54%
예측 : 1 정답 : 1 오류율 : 0.54%
예측 : 1 정답 : 1 오류율 : 0.53%
예측 : 1 정답 : 1 오류율 : 0.53%
예측 : 1 정답 : 1 오류율 : 0.53%
예측 : 1 정답 : 1 오류율 : 0.53%
예측 : 1 정답 : 1 오류율 : 0.53%
예측 : 1 정답 : 1 오류율 : 0.53%
예측 : 1 정답 : 1 오류율 : 0.53%
예측 : 1 정답 : 1 오류율 : 0.53%
예측 : 1 정답 : 1 오류율 : 0.53%
예측 : 1 정답 : 1 오류율 : 0.53%
예측 : 1 정답 : 1 오류율 : 0.53%
예측 : 1 정답 : 1 오류율 : 0.53%
예측 : 1 정답 : 1 오류율 : 0.53%
예측 : 1 정답 : 1 오류율 : 0.53%
예측 : 1 정답 : 1 오류율 : 0.53%
예측 : 1 정답 : 1 오류율 : 0.53%
예측 : 1 정답 : 1 오류율 : 0.53%
예측 : 1 정답 : 1 오류율 : 0.53%
예측 : 1 정답 : 1 오류율 : 0.53%
예측 : 1 정답 : 1 오류율 : 0.53%
예측 : 1 정답 : 1 오류율 : 0.53%
예측 : 1 정답 : 1 오류율 : 0.53%
예측 : 1 정답 : 1 오류율 : 0.53%
예측 : 1 정답 : 1 오류율 : 0.53%
예측 : 1 정답 : 1 오류율 : 0.53%
예측 : 1 정답 : 1 오류율 : 0.52%
예측 : 1 정답 : 1 오류율 : 0.52%
예측 : 1 정답 : 1 오류율 : 0.52%
예측 : 1 정답 : 1 오류율 : 0.52%
예측 : 1 정답 : 1 오류율 : 0.52%
예측 : 1 정답 : 1 오류율 : 0.52%
예측 : 1 정답 : 1 오류율 : 0.52%
예측 : 1 정답 : 1 오류율 : 0.52%
예측 : 1 정답 : 1 오류율 : 0.52%
예측 : 1 정답 : 1 오류율 : 0.52%
예측 : 1 정답 : 1 오류율 : 0.52%
예측 : 1 정답 : 1 오류율 : 0.52%
예측 : 1 정답 : 1 오류율 : 0.52%
예측 : 1 정답 : 1 오류율 : 0.52%
예측 : 1 정답 : 1 오류율 : 0.52%
예측 : 1 정답 : 1 오류율 : 0.52%
예측 : 1 정답 : 1 오류율 : 0.52%
예측 : 1 정답 : 1 오류율 : 0.52%
예측 : 1 정답 : 1 오류율 : 0.52%
예측 : 1 정답 : 1 오류율 : 0.52%
예측 : 1 정답 : 1 오류율 : 0.52%
예측 : 1 정답 : 1 오류율 : 0.52%
예측 : 1 정답 : 1 오류율 : 0.52%
예측 : 1 정답 : 1 오류율 : 0.52%
예측 : 2 정답 : 1 오류율 : 0.59%
예측 : 1 정답 : 1 오류율 : 0.59%
예측 : 1 정답 : 1 오류율 : 0.59%
예측 : 1 정답 : 1 오류율 : 0.59%
예측 : 1 정답 : 1 오류율 : 0.59%
예측 : 1 정답 : 1 오류율 : 0.59%
예측 : 1 정답 : 1 오류율 : 0.59%
예측 : 1 정답 : 1 오류율 : 0.59%
예측 : 1 정답 : 1 오류율 : 0.59%
예측 : 1 정답 : 1 오류율 : 0.59%
예측 : 1 정답 : 1 오류율 : 0.58%
예측 : 1 정답 : 1 오류율 : 0.58%
예측 : 1 정답 : 1 오류율 : 0.58%
예측 : 1 정답 : 1 오류율 : 0.58%
예측 : 1 정답 : 1 오류율 : 0.58%
예측 : 1 정답 : 1 오류율 : 0.58%
예측 : 1 정답 : 1 오류율 : 0.58%
예측 : 1 정답 : 1 오류율 : 0.58%
예측 : 1 정답 : 1 오류율 : 0.58%
예측 : 1 정답 : 1 오류율 : 0.58%
예측 : 1 정답 : 1 오류율 : 0.58%
예측 : 1 정답 : 1 오류율 : 0.58%
예측 : 1 정답 : 1 오류율 : 0.58%
예측 : 1 정답 : 1 오류율 : 0.58%
예측 : 1 정답 : 1 오류율 : 0.58%
예측 : 1 정답 : 1 오류율 : 0.58%
예측 : 1 정답 : 1 오류율 : 0.58%
예측 : 1 정답 : 1 오류율 : 0.58%
예측 : 1 정답 : 1 오류율 : 0.58%
예측 : 1 정답 : 1 오류율 : 0.58%
예측 : 1 정답 : 1 오류율 : 0.58%
예측 : 1 정답 : 1 오류율 : 0.58%
예측 : 1 정답 : 1 오류율 : 0.58%
예측 : 1 정답 : 1 오류율 : 0.58%
예측 : 2 정답 : 1 오류율 : 0.65%
예측 : 1 정답 : 1 오류율 : 0.65%
예측 : 1 정답 : 1 오류율 : 0.65%
예측 : 1 정답 : 1 오류율 : 0.65%
예측 : 1 정답 : 1 오류율 : 0.64%
예측 : 1 정답 : 1 오류율 : 0.64%
예측 : 1 정답 : 1 오류율 : 0.64%
예측 : 2 정답 : 1 오류율 : 0.71%
예측 : 1 정답 : 1 오류율 : 0.71%
예측 : 1 정답 : 1 오류율 : 0.71%
예측 : 1 정답 : 1 오류율 : 0.71%
예측 : 1 정답 : 1 오류율 : 0.71%
예측 : 1 정답 : 1 오류율 : 0.71%
예측 : 1 정답 : 1 오류율 : 0.71%
예측 : 1 정답 : 1 오류율 : 0.71%
예측 : 1 정답 : 1 오류율 : 0.71%
예측 : 1 정답 : 1 오류율 : 0.71%
예측 : 1 정답 : 1 오류율 : 0.71%
예측 : 1 정답 : 1 오류율 : 0.71%
예측 : 1 정답 : 1 오류율 : 0.71%
예측 : 1 정답 : 1 오류율 : 0.71%
예측 : 2 정답 : 1 오류율 : 0.78%
예측 : 1 정답 : 1 오류율 : 0.78%
예측 : 1 정답 : 1 오류율 : 0.78%
예측 : 1 정답 : 1 오류율 : 0.78%
예측 : 1 정답 : 1 오류율 : 0.78%
예측 : 1 정답 : 1 오류율 : 0.78%
예측 : 1 정답 : 1 오류율 : 0.78%
예측 : 1 정답 : 1 오류율 : 0.77%
예측 : 1 정답 : 1 오류율 : 0.77%
예측 : 1 정답 : 1 오류율 : 0.77%
예측 : 1 정답 : 1 오류율 : 0.77%
예측 : 1 정답 : 1 오류율 : 0.77%
예측 : 1 정답 : 1 오류율 : 0.77%
예측 : 1 정답 : 1 오류율 : 0.77%
예측 : 1 정답 : 1 오류율 : 0.77%
예측 : 1 정답 : 1 오류율 : 0.77%
예측 : 1 정답 : 1 오류율 : 0.77%
예측 : 1 정답 : 1 오류율 : 0.77%
예측 : 1 정답 : 1 오류율 : 0.77%
예측 : 1 정답 : 1 오류율 : 0.77%
예측 : 1 정답 : 1 오류율 : 0.77%
예측 : 1 정답 : 1 오류율 : 0.77%
예측 : 1 정답 : 1 오류율 : 0.77%
예측 : 1 정답 : 1 오류율 : 0.77%
예측 : 2 정답 : 1 오류율 : 0.84%
예측 : 1 정답 : 1 오류율 : 0.83%
예측 : 1 정답 : 1 오류율 : 0.83%
예측 : 1 정답 : 1 오류율 : 0.83%
예측 : 1 정답 : 1 오류율 : 0.83%
예측 : 1 정답 : 1 오류율 : 0.83%
예측 : 1 정답 : 1 오류율 : 0.83%
예측 : 1 정답 : 1 오류율 : 0.83%
예측 : 1 정답 : 1 오류율 : 0.83%
예측 : 1 정답 : 1 오류율 : 0.83%
예측 : 1 정답 : 1 오류율 : 0.83%
예측 : 1 정답 : 1 오류율 : 0.83%
예측 : 1 정답 : 1 오류율 : 0.83%
예측 : 1 정답 : 1 오류율 : 0.83%
예측 : 1 정답 : 1 오류율 : 0.83%
예측 : 1 정답 : 1 오류율 : 0.83%
예측 : 1 정답 : 1 오류율 : 0.83%
예측 : 1 정답 : 1 오류율 : 0.83%
예측 : 1 정답 : 1 오류율 : 0.82%
예측 : 1 정답 : 1 오류율 : 0.82%
예측 : 1 정답 : 1 오류율 : 0.82%
예측 : 1 정답 : 1 오류율 : 0.82%
예측 : 1 정답 : 1 오류율 : 0.82%
예측 : 1 정답 : 1 오류율 : 0.82%
예측 : 1 정답 : 1 오류율 : 0.82%
예측 : 1 정답 : 1 오류율 : 0.82%
예측 : 1 정답 : 1 오류율 : 0.82%
예측 : 1 정답 : 1 오류율 : 0.82%
예측 : 1 정답 : 1 오류율 : 0.82%
예측 : 1 정답 : 1 오류율 : 0.82%
예측 : 1 정답 : 1 오류율 : 0.82%
예측 : 1 정답 : 1 오류율 : 0.82%
예측 : 1 정답 : 1 오류율 : 0.82%
예측 : 1 정답 : 1 오류율 : 0.82%
예측 : 1 정답 : 1 오류율 : 0.82%
예측 : 0 정답 : 1 오류율 : 0.88%
예측 : 0 정답 : 1 오류율 : 0.95%
예측 : 2 정답 : 1 오류율 : 1.02%
예측 : 1 정답 : 1 오류율 : 1.02%
예측 : 1 정답 : 1 오류율 : 1.02%
예측 : 1 정답 : 1 오류율 : 1.02%
예측 : 1 정답 : 1 오류율 : 1.01%
예측 : 1 정답 : 1 오류율 : 1.01%
예측 : 1 정답 : 1 오류율 : 1.01%
예측 : 1 정답 : 1 오류율 : 1.01%
예측 : 1 정답 : 1 오류율 : 1.01%
예측 : 1 정답 : 1 오류율 : 1.01%
예측 : 1 정답 : 1 오류율 : 1.01%
예측 : 1 정답 : 1 오류율 : 1.01%
예측 : 1 정답 : 1 오류율 : 1.01%
예측 : 1 정답 : 1 오류율 : 1.01%
예측 : 1 정답 : 1 오류율 : 1.01%
예측 : 1 정답 : 1 오류율 : 1.01%
예측 : 1 정답 : 1 오류율 : 1.01%
예측 : 1 정답 : 1 오류율 : 1.01%
예측 : 1 정답 : 1 오류율 : 1.01%
예측 : 1 정답 : 1 오류율 : 1.0%
예측 : 1 정답 : 1 오류율 : 1.0%
예측 : 1 정답 : 1 오류율 : 1.0%
예측 : 1 정답 : 1 오류율 : 1.0%
예측 : 1 정답 : 1 오류율 : 1.0%
예측 : 1 정답 : 1 오류율 : 1.0%
예측 : 1 정답 : 1 오류율 : 1.0%
예측 : 1 정답 : 1 오류율 : 1.0%
예측 : 1 정답 : 1 오류율 : 1.0%
예측 : 1 정답 : 1 오류율 : 1.0%
예측 : 1 정답 : 1 오류율 : 1.0%
예측 : 1 정답 : 1 오류율 : 1.0%
예측 : 1 정답 : 1 오류율 : 1.0%
예측 : 1 정답 : 1 오류율 : 1.0%
예측 : 1 정답 : 1 오류율 : 1.0%
예측 : 1 정답 : 1 오류율 : 0.99%
예측 : 1 정답 : 1 오류율 : 0.99%
예측 : 1 정답 : 1 오류율 : 0.99%
예측 : 1 정답 : 1 오류율 : 0.99%
예측 : 1 정답 : 1 오류율 : 0.99%
예측 : 1 정답 : 1 오류율 : 0.99%
예측 : 1 정답 : 1 오류율 : 0.99%
예측 : 1 정답 : 1 오류율 : 0.99%
예측 : 1 정답 : 1 오류율 : 0.99%
예측 : 1 정답 : 1 오류율 : 0.99%
예측 : 1 정답 : 1 오류율 : 0.99%
예측 : 1 정답 : 1 오류율 : 0.99%
예측 : 1 정답 : 1 오류율 : 0.99%
예측 : 1 정답 : 1 오류율 : 0.99%
예측 : 1 정답 : 1 오류율 : 0.99%
예측 : 1 정답 : 1 오류율 : 0.98%
예측 : 1 정답 : 1 오류율 : 0.98%
예측 : 1 정답 : 1 오류율 : 0.98%
예측 : 1 정답 : 1 오류율 : 0.98%
예측 : 1 정답 : 1 오류율 : 0.98%
예측 : 1 정답 : 1 오류율 : 0.98%
예측 : 1 정답 : 1 오류율 : 0.98%
예측 : 1 정답 : 1 오류율 : 0.98%
예측 : 1 정답 : 1 오류율 : 0.98%
예측 : 1 정답 : 1 오류율 : 0.98%
예측 : 1 정답 : 1 오류율 : 0.98%
예측 : 1 정답 : 1 오류율 : 0.98%
예측 : 1 정답 : 1 오류율 : 0.98%
예측 : 1 정답 : 1 오류율 : 0.98%
예측 : 1 정답 : 1 오류율 : 0.98%
예측 : 1 정답 : 1 오류율 : 0.98%
예측 : 1 정답 : 1 오류율 : 0.97%
예측 : 1 정답 : 1 오류율 : 0.97%
예측 : 1 정답 : 1 오류율 : 0.97%
예측 : 1 정답 : 1 오류율 : 0.97%
예측 : 1 정답 : 1 오류율 : 0.97%
예측 : 1 정답 : 1 오류율 : 0.97%
예측 : 1 정답 : 1 오류율 : 0.97%
예측 : 1 정답 : 1 오류율 : 0.97%
예측 : 1 정답 : 1 오류율 : 0.97%
예측 : 1 정답 : 1 오류율 : 0.97%
예측 : 1 정답 : 1 오류율 : 0.97%
예측 : 1 정답 : 1 오류율 : 0.97%
예측 : 1 정답 : 1 오류율 : 0.97%
예측 : 1 정답 : 1 오류율 : 0.97%
예측 : 1 정답 : 1 오류율 : 0.97%
예측 : 1 정답 : 1 오류율 : 0.97%
예측 : 1 정답 : 1 오류율 : 0.96%
예측 : 1 정답 : 1 오류율 : 0.96%
예측 : 1 정답 : 1 오류율 : 0.96%
예측 : 1 정답 : 1 오류율 : 0.96%
예측 : 1 정답 : 1 오류율 : 0.96%
예측 : 1 정답 : 1 오류율 : 0.96%
예측 : 1 정답 : 1 오류율 : 0.96%
예측 : 1 정답 : 1 오류율 : 0.96%
예측 : 1 정답 : 1 오류율 : 0.96%
예측 : 1 정답 : 1 오류율 : 0.96%
예측 : 1 정답 : 1 오류율 : 0.96%
예측 : 1 정답 : 1 오류율 : 0.96%
예측 : 1 정답 : 1 오류율 : 0.96%
예측 : 1 정답 : 1 오류율 : 0.96%
예측 : 1 정답 : 1 오류율 : 0.96%
예측 : 1 정답 : 1 오류율 : 0.96%
예측 : 1 정답 : 1 오류율 : 0.95%
예측 : 1 정답 : 1 오류율 : 0.95%
예측 : 1 정답 : 1 오류율 : 0.95%
예측 : 1 정답 : 1 오류율 : 0.95%
예측 : 1 정답 : 1 오류율 : 0.95%
예측 : 1 정답 : 1 오류율 : 0.95%
예측 : 1 정답 : 1 오류율 : 0.95%
예측 : 1 정답 : 1 오류율 : 0.95%
예측 : 1 정답 : 1 오류율 : 0.95%
예측 : 1 정답 : 1 오류율 : 0.95%
예측 : 1 정답 : 1 오류율 : 0.95%
예측 : 1 정답 : 1 오류율 : 0.95%
예측 : 1 정답 : 1 오류율 : 0.95%
예측 : 1 정답 : 1 오류율 : 0.95%
예측 : 1 정답 : 1 오류율 : 0.95%
예측 : 1 정답 : 1 오류율 : 0.95%
예측 : 1 정답 : 1 오류율 : 0.95%
예측 : 1 정답 : 1 오류율 : 0.94%
예측 : 1 정답 : 1 오류율 : 0.94%
예측 : 1 정답 : 1 오류율 : 0.94%
예측 : 1 정답 : 1 오류율 : 0.94%
예측 : 1 정답 : 1 오류율 : 0.94%
예측 : 1 정답 : 1 오류율 : 0.94%
예측 : 1 정답 : 1 오류율 : 0.94%
예측 : 1 정답 : 1 오류율 : 0.94%
예측 : 1 정답 : 1 오류율 : 0.94%
예측 : 1 정답 : 1 오류율 : 0.94%
예측 : 1 정답 : 1 오류율 : 0.94%
예측 : 1 정답 : 1 오류율 : 0.94%
예측 : 1 정답 : 1 오류율 : 0.94%
예측 : 1 정답 : 1 오류율 : 0.94%
예측 : 1 정답 : 1 오류율 : 0.94%
예측 : 1 정답 : 1 오류율 : 0.94%
예측 : 1 정답 : 1 오류율 : 0.94%
예측 : 1 정답 : 1 오류율 : 0.93%
예측 : 1 정답 : 1 오류율 : 0.93%
예측 : 1 정답 : 1 오류율 : 0.93%
예측 : 1 정답 : 1 오류율 : 0.93%
예측 : 1 정답 : 1 오류율 : 0.93%
예측 : 1 정답 : 1 오류율 : 0.93%
예측 : 1 정답 : 1 오류율 : 0.93%
예측 : 1 정답 : 1 오류율 : 0.93%
예측 : 1 정답 : 1 오류율 : 0.93%
예측 : 1 정답 : 1 오류율 : 0.93%
예측 : 1 정답 : 1 오류율 : 0.93%
예측 : 1 정답 : 1 오류율 : 0.93%
예측 : 1 정답 : 1 오류율 : 0.93%
예측 : 1 정답 : 1 오류율 : 0.93%
예측 : 1 정답 : 1 오류율 : 0.93%
예측 : 1 정답 : 1 오류율 : 0.93%
예측 : 1 정답 : 1 오류율 : 0.93%
예측 : 1 정답 : 1 오류율 : 0.92%
예측 : 1 정답 : 1 오류율 : 0.92%
예측 : 1 정답 : 1 오류율 : 0.92%
예측 : 1 정답 : 1 오류율 : 0.92%
예측 : 1 정답 : 1 오류율 : 0.92%
예측 : 1 정답 : 1 오류율 : 0.92%
예측 : 1 정답 : 1 오류율 : 0.92%
예측 : 1 정답 : 1 오류율 : 0.92%
예측 : 1 정답 : 1 오류율 : 0.92%
예측 : 1 정답 : 1 오류율 : 0.92%
예측 : 1 정답 : 1 오류율 : 0.92%
예측 : 1 정답 : 1 오류율 : 0.92%
예측 : 1 정답 : 1 오류율 : 0.92%
예측 : 1 정답 : 1 오류율 : 0.92%
예측 : 1 정답 : 1 오류율 : 0.92%
예측 : 1 정답 : 1 오류율 : 0.92%
예측 : 1 정답 : 1 오류율 : 0.92%
예측 : 1 정답 : 1 오류율 : 0.92%
예측 : 1 정답 : 1 오류율 : 0.91%
예측 : 1 정답 : 1 오류율 : 0.91%
예측 : 1 정답 : 1 오류율 : 0.91%
예측 : 1 정답 : 1 오류율 : 0.91%
예측 : 1 정답 : 1 오류율 : 0.91%
예측 : 1 정답 : 1 오류율 : 0.91%
예측 : 1 정답 : 1 오류율 : 0.91%
예측 : 1 정답 : 1 오류율 : 0.91%
예측 : 1 정답 : 1 오류율 : 0.91%
예측 : 1 정답 : 1 오류율 : 0.91%
예측 : 1 정답 : 1 오류율 : 0.91%
예측 : 1 정답 : 1 오류율 : 0.91%
예측 : 2 정답 : 1 오류율 : 0.97%
예측 : 1 정답 : 1 오류율 : 0.97%
예측 : 1 정답 : 1 오류율 : 0.97%
예측 : 2 정답 : 1 오류율 : 1.03%
예측 : 2 정답 : 1 오류율 : 1.09%
예측 : 1 정답 : 1 오류율 : 1.09%
예측 : 1 정답 : 1 오류율 : 1.09%
예측 : 2 정답 : 1 오류율 : 1.15%
예측 : 1 정답 : 1 오류율 : 1.14%
예측 : 2 정답 : 1 오류율 : 1.2%
예측 : 2 정답 : 1 오류율 : 1.26%
예측 : 2 정답 : 1 오류율 : 1.32%
예측 : 1 정답 : 1 오류율 : 1.32%
예측 : 2 정답 : 1 오류율 : 1.38%
예측 : 2 정답 : 1 오류율 : 1.44%
예측 : 2 정답 : 1 오류율 : 1.5%
예측 : 1 정답 : 1 오류율 : 1.5%
예측 : 2 정답 : 1 오류율 : 1.56%
예측 : 1 정답 : 1 오류율 : 1.56%
예측 : 2 정답 : 1 오류율 : 1.62%
예측 : 1 정답 : 1 오류율 : 1.61%
예측 : 1 정답 : 1 오류율 : 1.61%
예측 : 2 정답 : 1 오류율 : 1.67%
예측 : 1 정답 : 1 오류율 : 1.67%
예측 : 1 정답 : 1 오류율 : 1.67%
예측 : 2 정답 : 1 오류율 : 1.73%
예측 : 1 정답 : 1 오류율 : 1.73%
예측 : 2 정답 : 1 오류율 : 1.79%
예측 : 1 정답 : 1 오류율 : 1.79%
예측 : 1 정답 : 1 오류율 : 1.78%
예측 : 1 정답 : 1 오류율 : 1.78%
예측 : 1 정답 : 1 오류율 : 1.78%
예측 : 1 정답 : 1 오류율 : 1.78%
예측 : 1 정답 : 1 오류율 : 1.78%
예측 : 1 정답 : 1 오류율 : 1.78%
예측 : 1 정답 : 1 오류율 : 1.78%
예측 : 1 정답 : 1 오류율 : 1.78%
예측 : 1 정답 : 1 오류율 : 1.78%
예측 : 1 정답 : 1 오류율 : 1.78%
예측 : 1 정답 : 1 오류율 : 1.77%
예측 : 1 정답 : 1 오류율 : 1.77%
예측 : 1 정답 : 1 오류율 : 1.77%
예측 : 1 정답 : 1 오류율 : 1.77%
예측 : 1 정답 : 1 오류율 : 1.77%
예측 : 1 정답 : 1 오류율 : 1.77%
예측 : 1 정답 : 1 오류율 : 1.77%
예측 : 2 정답 : 1 오류율 : 1.83%
예측 : 2 정답 : 1 오류율 : 1.88%
예측 : 1 정답 : 1 오류율 : 1.88%
예측 : 1 정답 : 1 오류율 : 1.88%
예측 : 1 정답 : 1 오류율 : 1.88%
예측 : 1 정답 : 1 오류율 : 1.88%
예측 : 1 정답 : 1 오류율 : 1.88%
예측 : 1 정답 : 1 오류율 : 1.88%
예측 : 1 정답 : 1 오류율 : 1.88%
예측 : 1 정답 : 1 오류율 : 1.87%
예측 : 1 정답 : 1 오류율 : 1.87%
예측 : 1 정답 : 1 오류율 : 1.87%
예측 : 1 정답 : 1 오류율 : 1.87%
예측 : 1 정답 : 1 오류율 : 1.87%
예측 : 1 정답 : 1 오류율 : 1.87%
예측 : 1 정답 : 1 오류율 : 1.87%
예측 : 1 정답 : 1 오류율 : 1.87%
예측 : 1 정답 : 1 오류율 : 1.87%
예측 : 1 정답 : 1 오류율 : 1.86%
예측 : 1 정답 : 1 오류율 : 1.86%
예측 : 1 정답 : 1 오류율 : 1.86%
예측 : 1 정답 : 1 오류율 : 1.86%
예측 : 1 정답 : 1 오류율 : 1.86%
예측 : 1 정답 : 1 오류율 : 1.86%
예측 : 1 정답 : 1 오류율 : 1.86%
예측 : 1 정답 : 1 오류율 : 1.86%
예측 : 1 정답 : 1 오류율 : 1.86%
예측 : 1 정답 : 1 오류율 : 1.86%
예측 : 1 정답 : 1 오류율 : 1.85%
예측 : 1 정답 : 1 오류율 : 1.85%
예측 : 1 정답 : 1 오류율 : 1.85%
예측 : 1 정답 : 1 오류율 : 1.85%
예측 : 1 정답 : 1 오류율 : 1.85%
예측 : 1 정답 : 1 오류율 : 1.85%
예측 : 1 정답 : 1 오류율 : 1.85%
예측 : 2 정답 : 1 오류율 : 1.9%
예측 : 1 정답 : 1 오류율 : 1.9%
예측 : 1 정답 : 1 오류율 : 1.9%
예측 : 1 정답 : 1 오류율 : 1.9%
예측 : 1 정답 : 1 오류율 : 1.9%
예측 : 1 정답 : 1 오류율 : 1.9%
예측 : 1 정답 : 1 오류율 : 1.9%
예측 : 1 정답 : 1 오류율 : 1.9%
예측 : 1 정답 : 1 오류율 : 1.9%
예측 : 1 정답 : 1 오류율 : 1.89%
예측 : 1 정답 : 1 오류율 : 1.89%
예측 : 1 정답 : 1 오류율 : 1.89%
예측 : 1 정답 : 1 오류율 : 1.89%
예측 : 0 정답 : 1 오류율 : 1.95%
예측 : 1 정답 : 1 오류율 : 1.95%
예측 : 2 정답 : 1 오류율 : 2.0%
예측 : 1 정답 : 1 오류율 : 2.0%
예측 : 1 정답 : 1 오류율 : 2.0%
예측 : 1 정답 : 1 오류율 : 2.0%
예측 : 1 정답 : 1 오류율 : 2.0%
예측 : 2 정답 : 1 오류율 : 2.05%
예측 : 1 정답 : 1 오류율 : 2.05%
예측 : 1 정답 : 1 오류율 : 2.05%
예측 : 1 정답 : 1 오류율 : 2.05%
예측 : 1 정답 : 1 오류율 : 2.05%
예측 : 1 정답 : 1 오류율 : 2.05%
예측 : 1 정답 : 1 오류율 : 2.05%
예측 : 1 정답 : 1 오류율 : 2.05%
예측 : 1 정답 : 1 오류율 : 2.04%
예측 : 1 정답 : 1 오류율 : 2.04%
예측 : 1 정답 : 1 오류율 : 2.04%
예측 : 1 정답 : 1 오류율 : 2.04%
예측 : 1 정답 : 1 오류율 : 2.04%
예측 : 1 정답 : 1 오류율 : 2.04%
예측 : 1 정답 : 1 오류율 : 2.04%
예측 : 1 정답 : 1 오류율 : 2.04%
예측 : 1 정답 : 1 오류율 : 2.04%
예측 : 1 정답 : 1 오류율 : 2.03%
예측 : 1 정답 : 1 오류율 : 2.03%
예측 : 1 정답 : 1 오류율 : 2.03%
예측 : 1 정답 : 1 오류율 : 2.03%
예측 : 1 정답 : 1 오류율 : 2.03%
예측 : 1 정답 : 1 오류율 : 2.03%
예측 : 1 정답 : 1 오류율 : 2.03%
예측 : 1 정답 : 1 오류율 : 2.03%
예측 : 1 정답 : 1 오류율 : 2.02%
예측 : 1 정답 : 1 오류율 : 2.02%
예측 : 1 정답 : 1 오류율 : 2.02%
예측 : 1 정답 : 1 오류율 : 2.02%
예측 : 1 정답 : 1 오류율 : 2.02%
예측 : 1 정답 : 1 오류율 : 2.02%
예측 : 1 정답 : 1 오류율 : 2.02%
예측 : 1 정답 : 1 오류율 : 2.02%
예측 : 1 정답 : 1 오류율 : 2.02%
예측 : 1 정답 : 1 오류율 : 2.01%
예측 : 1 정답 : 1 오류율 : 2.01%
예측 : 1 정답 : 1 오류율 : 2.01%
예측 : 1 정답 : 1 오류율 : 2.01%
예측 : 1 정답 : 1 오류율 : 2.01%
예측 : 2 정답 : 1 오류율 : 2.06%
예측 : 1 정답 : 1 오류율 : 2.06%
예측 : 1 정답 : 1 오류율 : 2.06%
예측 : 1 정답 : 1 오류율 : 2.06%
예측 : 1 정답 : 1 오류율 : 2.06%
예측 : 1 정답 : 1 오류율 : 2.06%
예측 : 1 정답 : 1 오류율 : 2.06%
예측 : 1 정답 : 1 오류율 : 2.06%
예측 : 1 정답 : 1 오류율 : 2.06%
예측 : 1 정답 : 1 오류율 : 2.05%
예측 : 1 정답 : 1 오류율 : 2.05%
예측 : 1 정답 : 1 오류율 : 2.05%
예측 : 1 정답 : 1 오류율 : 2.05%
예측 : 1 정답 : 1 오류율 : 2.05%
예측 : 1 정답 : 1 오류율 : 2.05%
예측 : 1 정답 : 1 오류율 : 2.05%
예측 : 1 정답 : 1 오류율 : 2.05%
예측 : 1 정답 : 1 오류율 : 2.05%
예측 : 1 정답 : 1 오류율 : 2.04%
예측 : 1 정답 : 1 오류율 : 2.04%
예측 : 1 정답 : 1 오류율 : 2.04%
예측 : 1 정답 : 1 오류율 : 2.04%
예측 : 1 정답 : 1 오류율 : 2.04%
예측 : 1 정답 : 1 오류율 : 2.04%
예측 : 1 정답 : 1 오류율 : 2.04%
예측 : 1 정답 : 1 오류율 : 2.04%
예측 : 1 정답 : 1 오류율 : 2.04%
예측 : 1 정답 : 1 오류율 : 2.03%
예측 : 1 정답 : 1 오류율 : 2.03%
예측 : 1 정답 : 1 오류율 : 2.03%
예측 : 1 정답 : 1 오류율 : 2.03%
예측 : 1 정답 : 1 오류율 : 2.03%
예측 : 1 정답 : 1 오류율 : 2.03%
예측 : 1 정답 : 1 오류율 : 2.03%
예측 : 1 정답 : 1 오류율 : 2.03%
예측 : 1 정답 : 1 오류율 : 2.03%
예측 : 1 정답 : 1 오류율 : 2.02%
예측 : 1 정답 : 1 오류율 : 2.02%
예측 : 1 정답 : 1 오류율 : 2.02%
예측 : 1 정답 : 1 오류율 : 2.02%
예측 : 1 정답 : 1 오류율 : 2.02%
예측 : 1 정답 : 1 오류율 : 2.02%
예측 : 1 정답 : 1 오류율 : 2.02%
예측 : 1 정답 : 1 오류율 : 2.02%
예측 : 1 정답 : 1 오류율 : 2.02%
예측 : 1 정답 : 1 오류율 : 2.01%
예측 : 1 정답 : 1 오류율 : 2.01%
예측 : 1 정답 : 1 오류율 : 2.01%
예측 : 1 정답 : 1 오류율 : 2.01%
예측 : 1 정답 : 1 오류율 : 2.01%
예측 : 1 정답 : 1 오류율 : 2.01%
예측 : 1 정답 : 1 오류율 : 2.01%
예측 : 1 정답 : 1 오류율 : 2.01%
예측 : 1 정답 : 1 오류율 : 2.01%
예측 : 1 정답 : 1 오류율 : 2.0%
예측 : 1 정답 : 1 오류율 : 2.0%
예측 : 1 정답 : 1 오류율 : 2.0%
예측 : 1 정답 : 1 오류율 : 2.0%
예측 : 1 정답 : 1 오류율 : 2.0%
예측 : 1 정답 : 1 오류율 : 2.0%
예측 : 1 정답 : 1 오류율 : 2.0%
예측 : 1 정답 : 1 오류율 : 2.0%
예측 : 1 정답 : 1 오류율 : 2.0%
예측 : 1 정답 : 1 오류율 : 1.99%
예측 : 1 정답 : 1 오류율 : 1.99%
예측 : 1 정답 : 1 오류율 : 1.99%
예측 : 1 정답 : 1 오류율 : 1.99%
예측 : 1 정답 : 1 오류율 : 1.99%
예측 : 1 정답 : 1 오류율 : 1.99%
예측 : 1 정답 : 1 오류율 : 1.99%
예측 : 1 정답 : 1 오류율 : 1.99%
예측 : 1 정답 : 1 오류율 : 1.99%
예측 : 1 정답 : 1 오류율 : 1.98%
예측 : 1 정답 : 1 오류율 : 1.98%
예측 : 1 정답 : 1 오류율 : 1.98%
예측 : 1 정답 : 1 오류율 : 1.98%
예측 : 1 정답 : 1 오류율 : 1.98%
예측 : 1 정답 : 1 오류율 : 1.98%
예측 : 1 정답 : 1 오류율 : 1.98%
예측 : 1 정답 : 1 오류율 : 1.98%
예측 : 1 정답 : 1 오류율 : 1.98%
예측 : 1 정답 : 1 오류율 : 1.98%
예측 : 1 정답 : 1 오류율 : 1.97%
예측 : 2 정답 : 1 오류율 : 2.03%
예측 : 1 정답 : 1 오류율 : 2.03%
예측 : 1 정답 : 1 오류율 : 2.02%
예측 : 1 정답 : 1 오류율 : 2.02%
예측 : 1 정답 : 1 오류율 : 2.02%
예측 : 1 정답 : 1 오류율 : 2.02%
예측 : 1 정답 : 1 오류율 : 2.02%
예측 : 1 정답 : 1 오류율 : 2.02%
예측 : 1 정답 : 1 오류율 : 2.02%
예측 : 1 정답 : 1 오류율 : 2.02%
예측 : 1 정답 : 1 오류율 : 2.02%
예측 : 1 정답 : 1 오류율 : 2.01%
예측 : 1 정답 : 1 오류율 : 2.01%
예측 : 1 정답 : 1 오류율 : 2.01%
예측 : 1 정답 : 1 오류율 : 2.01%
예측 : 1 정답 : 1 오류율 : 2.01%
예측 : 1 정답 : 1 오류율 : 2.01%
예측 : 1 정답 : 1 오류율 : 2.01%
예측 : 1 정답 : 1 오류율 : 2.01%
예측 : 1 정답 : 1 오류율 : 2.01%
예측 : 1 정답 : 1 오류율 : 2.01%
예측 : 1 정답 : 1 오류율 : 2.0%
예측 : 2 정답 : 1 오류율 : 2.06%
예측 : 1 정답 : 1 오류율 : 2.05%
예측 : 1 정답 : 1 오류율 : 2.05%
예측 : 1 정답 : 1 오류율 : 2.05%
예측 : 1 정답 : 1 오류율 : 2.05%
예측 : 1 정답 : 1 오류율 : 2.05%
예측 : 1 정답 : 1 오류율 : 2.05%
예측 : 1 정답 : 1 오류율 : 2.05%
예측 : 1 정답 : 1 오류율 : 2.05%
예측 : 1 정답 : 1 오류율 : 2.05%
예측 : 1 정답 : 1 오류율 : 2.05%
예측 : 1 정답 : 1 오류율 : 2.04%
예측 : 1 정답 : 1 오류율 : 2.04%
예측 : 1 정답 : 1 오류율 : 2.04%
예측 : 1 정답 : 1 오류율 : 2.04%
예측 : 1 정답 : 1 오류율 : 2.04%
예측 : 1 정답 : 1 오류율 : 2.04%
예측 : 1 정답 : 1 오류율 : 2.04%
예측 : 1 정답 : 1 오류율 : 2.04%
예측 : 1 정답 : 1 오류율 : 2.04%
예측 : 1 정답 : 1 오류율 : 2.03%
예측 : 1 정답 : 1 오류율 : 2.03%
예측 : 1 정답 : 1 오류율 : 2.03%
예측 : 1 정답 : 1 오류율 : 2.03%
예측 : 1 정답 : 1 오류율 : 2.03%
예측 : 1 정답 : 1 오류율 : 2.03%
예측 : 1 정답 : 1 오류율 : 2.03%
예측 : 1 정답 : 1 오류율 : 2.03%
예측 : 1 정답 : 1 오류율 : 2.03%
예측 : 1 정답 : 1 오류율 : 2.02%
예측 : 1 정답 : 1 오류율 : 2.02%
예측 : 1 정답 : 1 오류율 : 2.02%
예측 : 1 정답 : 1 오류율 : 2.02%
예측 : 1 정답 : 1 오류율 : 2.02%
예측 : 1 정답 : 1 오류율 : 2.02%
예측 : 1 정답 : 1 오류율 : 2.02%
예측 : 1 정답 : 1 오류율 : 2.02%
예측 : 1 정답 : 1 오류율 : 2.02%
예측 : 1 정답 : 1 오류율 : 2.02%
예측 : 1 정답 : 1 오류율 : 2.01%
예측 : 1 정답 : 1 오류율 : 2.01%
예측 : 1 정답 : 1 오류율 : 2.01%
예측 : 1 정답 : 1 오류율 : 2.01%
예측 : 1 정답 : 1 오류율 : 2.01%
예측 : 1 정답 : 1 오류율 : 2.01%
예측 : 1 정답 : 1 오류율 : 2.01%
예측 : 1 정답 : 1 오류율 : 2.01%
예측 : 1 정답 : 1 오류율 : 2.01%
예측 : 1 정답 : 1 오류율 : 2.01%
예측 : 1 정답 : 1 오류율 : 2.0%
예측 : 1 정답 : 1 오류율 : 2.0%
예측 : 1 정답 : 1 오류율 : 2.0%
예측 : 1 정답 : 1 오류율 : 2.0%
예측 : 1 정답 : 1 오류율 : 2.0%
예측 : 1 정답 : 1 오류율 : 2.0%
예측 : 1 정답 : 1 오류율 : 2.0%
예측 : 1 정답 : 1 오류율 : 2.0%
예측 : 1 정답 : 1 오류율 : 2.0%
예측 : 1 정답 : 1 오류율 : 1.99%
예측 : 1 정답 : 1 오류율 : 1.99%
예측 : 1 정답 : 1 오류율 : 1.99%
예측 : 1 정답 : 1 오류율 : 1.99%
예측 : 1 정답 : 1 오류율 : 1.99%
예측 : 1 정답 : 1 오류율 : 1.99%
예측 : 2 정답 : 2 오류율 : 1.99%
예측 : 2 정답 : 2 오류율 : 1.99%
예측 : 2 정답 : 2 오류율 : 1.99%
예측 : 2 정답 : 2 오류율 : 1.99%
예측 : 2 정답 : 2 오류율 : 1.98%
예측 : 2 정답 : 2 오류율 : 1.98%
예측 : 2 정답 : 2 오류율 : 1.98%
예측 : 2 정답 : 2 오류율 : 1.98%
예측 : 2 정답 : 2 오류율 : 1.98%
예측 : 2 정답 : 2 오류율 : 1.98%
예측 : 2 정답 : 2 오류율 : 1.98%
예측 : 2 정답 : 2 오류율 : 1.98%
예측 : 2 정답 : 2 오류율 : 1.98%
예측 : 2 정답 : 2 오류율 : 1.98%
예측 : 2 정답 : 2 오류율 : 1.97%
예측 : 2 정답 : 2 오류율 : 1.97%
예측 : 2 정답 : 2 오류율 : 1.97%
예측 : 2 정답 : 2 오류율 : 1.97%
예측 : 2 정답 : 2 오류율 : 1.97%
예측 : 2 정답 : 2 오류율 : 1.97%
예측 : 2 정답 : 2 오류율 : 1.97%
예측 : 2 정답 : 2 오류율 : 1.97%
예측 : 2 정답 : 2 오류율 : 1.97%
예측 : 2 정답 : 2 오류율 : 1.97%
예측 : 2 정답 : 2 오류율 : 1.96%
예측 : 2 정답 : 2 오류율 : 1.96%
예측 : 2 정답 : 2 오류율 : 1.96%
예측 : 2 정답 : 2 오류율 : 1.96%
예측 : 2 정답 : 2 오류율 : 1.96%
예측 : 2 정답 : 2 오류율 : 1.96%
예측 : 2 정답 : 2 오류율 : 1.96%
예측 : 2 정답 : 2 오류율 : 1.96%
예측 : 2 정답 : 2 오류율 : 1.96%
예측 : 2 정답 : 2 오류율 : 1.96%
예측 : 2 정답 : 2 오류율 : 1.95%
예측 : 2 정답 : 2 오류율 : 1.95%
예측 : 2 정답 : 2 오류율 : 1.95%
예측 : 2 정답 : 2 오류율 : 1.95%
예측 : 2 정답 : 2 오류율 : 1.95%
예측 : 2 정답 : 2 오류율 : 1.95%
예측 : 2 정답 : 2 오류율 : 1.95%
예측 : 0 정답 : 2 오류율 : 2.0%
예측 : 2 정답 : 2 오류율 : 2.0%
예측 : 2 정답 : 2 오류율 : 2.0%
예측 : 2 정답 : 2 오류율 : 2.0%
예측 : 2 정답 : 2 오류율 : 1.99%
예측 : 2 정답 : 2 오류율 : 1.99%
예측 : 2 정답 : 2 오류율 : 1.99%
예측 : 2 정답 : 2 오류율 : 1.99%
예측 : 2 정답 : 2 오류율 : 1.99%
예측 : 2 정답 : 2 오류율 : 1.99%
예측 : 2 정답 : 2 오류율 : 1.99%
예측 : 2 정답 : 2 오류율 : 1.99%
예측 : 2 정답 : 2 오류율 : 1.99%
예측 : 2 정답 : 2 오류율 : 1.99%
예측 : 2 정답 : 2 오류율 : 1.98%
예측 : 2 정답 : 2 오류율 : 1.98%
예측 : 2 정답 : 2 오류율 : 1.98%
예측 : 2 정답 : 2 오류율 : 1.98%
예측 : 2 정답 : 2 오류율 : 1.98%
예측 : 2 정답 : 2 오류율 : 1.98%
예측 : 2 정답 : 2 오류율 : 1.98%
예측 : 2 정답 : 2 오류율 : 1.98%
예측 : 2 정답 : 2 오류율 : 1.98%
예측 : 2 정답 : 2 오류율 : 1.98%
예측 : 2 정답 : 2 오류율 : 1.97%
예측 : 2 정답 : 2 오류율 : 1.97%
예측 : 2 정답 : 2 오류율 : 1.97%
예측 : 2 정답 : 2 오류율 : 1.97%
예측 : 2 정답 : 2 오류율 : 1.97%
예측 : 2 정답 : 2 오류율 : 1.97%
예측 : 2 정답 : 2 오류율 : 1.97%
예측 : 2 정답 : 2 오류율 : 1.97%
예측 : 2 정답 : 2 오류율 : 1.97%
예측 : 2 정답 : 2 오류율 : 1.97%
예측 : 2 정답 : 2 오류율 : 1.96%
예측 : 2 정답 : 2 오류율 : 1.96%
예측 : 2 정답 : 2 오류율 : 1.96%
예측 : 2 정답 : 2 오류율 : 1.96%
예측 : 2 정답 : 2 오류율 : 1.96%
예측 : 2 정답 : 2 오류율 : 1.96%
예측 : 2 정답 : 2 오류율 : 1.96%
예측 : 2 정답 : 2 오류율 : 1.96%
예측 : 2 정답 : 2 오류율 : 1.96%
예측 : 2 정답 : 2 오류율 : 1.96%
예측 : 2 정답 : 2 오류율 : 1.96%
예측 : 2 정답 : 2 오류율 : 1.95%
예측 : 2 정답 : 2 오류율 : 1.95%
예측 : 2 정답 : 2 오류율 : 1.95%
예측 : 2 정답 : 2 오류율 : 1.95%
예측 : 2 정답 : 2 오류율 : 1.95%
예측 : 2 정답 : 2 오류율 : 1.95%
예측 : 2 정답 : 2 오류율 : 1.95%
예측 : 2 정답 : 2 오류율 : 1.95%
예측 : 2 정답 : 2 오류율 : 1.95%
예측 : 2 정답 : 2 오류율 : 1.95%
예측 : 2 정답 : 2 오류율 : 1.94%
예측 : 2 정답 : 2 오류율 : 1.94%
예측 : 2 정답 : 2 오류율 : 1.94%
예측 : 2 정답 : 2 오류율 : 1.94%
예측 : 2 정답 : 2 오류율 : 1.94%
예측 : 2 정답 : 2 오류율 : 1.94%
예측 : 2 정답 : 2 오류율 : 1.94%
예측 : 2 정답 : 2 오류율 : 1.94%
예측 : 2 정답 : 2 오류율 : 1.94%
예측 : 2 정답 : 2 오류율 : 1.94%
예측 : 2 정답 : 2 오류율 : 1.94%
예측 : 2 정답 : 2 오류율 : 1.93%
예측 : 2 정답 : 2 오류율 : 1.93%
예측 : 2 정답 : 2 오류율 : 1.93%
예측 : 2 정답 : 2 오류율 : 1.93%
예측 : 2 정답 : 2 오류율 : 1.93%
예측 : 2 정답 : 2 오류율 : 1.93%
예측 : 2 정답 : 2 오류율 : 1.93%
예측 : 2 정답 : 2 오류율 : 1.93%
예측 : 2 정답 : 2 오류율 : 1.93%
예측 : 2 정답 : 2 오류율 : 1.93%
예측 : 2 정답 : 2 오류율 : 1.92%
예측 : 2 정답 : 2 오류율 : 1.92%
예측 : 2 정답 : 2 오류율 : 1.92%
예측 : 2 정답 : 2 오류율 : 1.92%
예측 : 2 정답 : 2 오류율 : 1.92%
예측 : 2 정답 : 2 오류율 : 1.92%
예측 : 2 정답 : 2 오류율 : 1.92%
예측 : 2 정답 : 2 오류율 : 1.92%
예측 : 2 정답 : 2 오류율 : 1.92%
예측 : 2 정답 : 2 오류율 : 1.92%
예측 : 2 정답 : 2 오류율 : 1.92%
예측 : 2 정답 : 2 오류율 : 1.91%
예측 : 2 정답 : 2 오류율 : 1.91%
예측 : 2 정답 : 2 오류율 : 1.91%
예측 : 2 정답 : 2 오류율 : 1.91%
예측 : 2 정답 : 2 오류율 : 1.91%
예측 : 2 정답 : 2 오류율 : 1.91%
예측 : 2 정답 : 2 오류율 : 1.91%
예측 : 2 정답 : 2 오류율 : 1.91%
예측 : 2 정답 : 2 오류율 : 1.91%
예측 : 2 정답 : 2 오류율 : 1.91%
예측 : 2 정답 : 2 오류율 : 1.91%
예측 : 2 정답 : 2 오류율 : 1.9%
예측 : 2 정답 : 2 오류율 : 1.9%
예측 : 2 정답 : 2 오류율 : 1.9%
예측 : 2 정답 : 2 오류율 : 1.9%
예측 : 2 정답 : 2 오류율 : 1.9%
예측 : 2 정답 : 2 오류율 : 1.9%
예측 : 2 정답 : 2 오류율 : 1.9%
예측 : 2 정답 : 2 오류율 : 1.9%
예측 : 2 정답 : 2 오류율 : 1.9%
예측 : 2 정답 : 2 오류율 : 1.9%
예측 : 2 정답 : 2 오류율 : 1.9%
예측 : 2 정답 : 2 오류율 : 1.89%
예측 : 2 정답 : 2 오류율 : 1.89%
예측 : 2 정답 : 2 오류율 : 1.89%
예측 : 2 정답 : 2 오류율 : 1.89%
예측 : 2 정답 : 2 오류율 : 1.89%
예측 : 2 정답 : 2 오류율 : 1.89%
예측 : 2 정답 : 2 오류율 : 1.89%
예측 : 2 정답 : 2 오류율 : 1.89%
예측 : 2 정답 : 2 오류율 : 1.89%
예측 : 2 정답 : 2 오류율 : 1.89%
예측 : 2 정답 : 2 오류율 : 1.89%
예측 : 2 정답 : 2 오류율 : 1.89%
예측 : 2 정답 : 2 오류율 : 1.88%
예측 : 2 정답 : 2 오류율 : 1.88%
예측 : 2 정답 : 2 오류율 : 1.88%
예측 : 2 정답 : 2 오류율 : 1.88%
예측 : 2 정답 : 2 오류율 : 1.88%
예측 : 2 정답 : 2 오류율 : 1.88%
예측 : 2 정답 : 2 오류율 : 1.88%
예측 : 2 정답 : 2 오류율 : 1.88%
예측 : 2 정답 : 2 오류율 : 1.88%
예측 : 2 정답 : 2 오류율 : 1.88%
예측 : 2 정답 : 2 오류율 : 1.88%
예측 : 2 정답 : 2 오류율 : 1.87%
예측 : 2 정답 : 2 오류율 : 1.87%
예측 : 2 정답 : 2 오류율 : 1.87%
예측 : 2 정답 : 2 오류율 : 1.87%
예측 : 2 정답 : 2 오류율 : 1.87%
예측 : 2 정답 : 2 오류율 : 1.87%
예측 : 2 정답 : 2 오류율 : 1.87%
예측 : 2 정답 : 2 오류율 : 1.87%
예측 : 2 정답 : 2 오류율 : 1.87%
예측 : 2 정답 : 2 오류율 : 1.87%
예측 : 2 정답 : 2 오류율 : 1.87%
예측 : 2 정답 : 2 오류율 : 1.86%
예측 : 2 정답 : 2 오류율 : 1.86%
예측 : 2 정답 : 2 오류율 : 1.86%
예측 : 2 정답 : 2 오류율 : 1.86%
예측 : 2 정답 : 2 오류율 : 1.86%
예측 : 2 정답 : 2 오류율 : 1.86%
예측 : 2 정답 : 2 오류율 : 1.86%
예측 : 2 정답 : 2 오류율 : 1.86%
예측 : 2 정답 : 2 오류율 : 1.86%
예측 : 2 정답 : 2 오류율 : 1.86%
예측 : 2 정답 : 2 오류율 : 1.86%
예측 : 2 정답 : 2 오류율 : 1.86%
예측 : 2 정답 : 2 오류율 : 1.85%
예측 : 2 정답 : 2 오류율 : 1.85%
예측 : 2 정답 : 2 오류율 : 1.85%
예측 : 2 정답 : 2 오류율 : 1.85%
예측 : 2 정답 : 2 오류율 : 1.85%
예측 : 2 정답 : 2 오류율 : 1.85%
예측 : 2 정답 : 2 오류율 : 1.85%
예측 : 2 정답 : 2 오류율 : 1.85%
예측 : 2 정답 : 2 오류율 : 1.85%
예측 : 2 정답 : 2 오류율 : 1.85%
예측 : 2 정답 : 2 오류율 : 1.85%
예측 : 2 정답 : 2 오류율 : 1.85%
예측 : 2 정답 : 2 오류율 : 1.84%
예측 : 2 정답 : 2 오류율 : 1.84%
예측 : 2 정답 : 2 오류율 : 1.84%
예측 : 2 정답 : 2 오류율 : 1.84%
예측 : 2 정답 : 2 오류율 : 1.84%
예측 : 2 정답 : 2 오류율 : 1.84%
예측 : 2 정답 : 2 오류율 : 1.84%
예측 : 2 정답 : 2 오류율 : 1.84%
예측 : 2 정답 : 2 오류율 : 1.84%
예측 : 2 정답 : 2 오류율 : 1.84%
예측 : 2 정답 : 2 오류율 : 1.84%
예측 : 2 정답 : 2 오류율 : 1.83%
예측 : 2 정답 : 2 오류율 : 1.83%
예측 : 2 정답 : 2 오류율 : 1.83%
예측 : 2 정답 : 2 오류율 : 1.83%
예측 : 2 정답 : 2 오류율 : 1.83%
예측 : 2 정답 : 2 오류율 : 1.83%
예측 : 2 정답 : 2 오류율 : 1.83%
예측 : 2 정답 : 2 오류율 : 1.83%
예측 : 2 정답 : 2 오류율 : 1.83%
예측 : 2 정답 : 2 오류율 : 1.83%
예측 : 2 정답 : 2 오류율 : 1.83%
예측 : 2 정답 : 2 오류율 : 1.83%
예측 : 2 정답 : 2 오류율 : 1.82%
예측 : 2 정답 : 2 오류율 : 1.82%
예측 : 2 정답 : 2 오류율 : 1.82%
예측 : 2 정답 : 2 오류율 : 1.82%
예측 : 2 정답 : 2 오류율 : 1.82%
예측 : 2 정답 : 2 오류율 : 1.82%
예측 : 2 정답 : 2 오류율 : 1.82%
예측 : 2 정답 : 2 오류율 : 1.82%
예측 : 2 정답 : 2 오류율 : 1.82%
예측 : 2 정답 : 2 오류율 : 1.82%
예측 : 2 정답 : 2 오류율 : 1.82%
예측 : 2 정답 : 2 오류율 : 1.82%
예측 : 2 정답 : 2 오류율 : 1.81%
예측 : 2 정답 : 2 오류율 : 1.81%
예측 : 2 정답 : 2 오류율 : 1.81%
예측 : 2 정답 : 2 오류율 : 1.81%
예측 : 2 정답 : 2 오류율 : 1.81%
예측 : 2 정답 : 2 오류율 : 1.81%
예측 : 2 정답 : 2 오류율 : 1.81%
예측 : 2 정답 : 2 오류율 : 1.81%
예측 : 2 정답 : 2 오류율 : 1.81%
예측 : 2 정답 : 2 오류율 : 1.81%
예측 : 2 정답 : 2 오류율 : 1.81%
예측 : 2 정답 : 2 오류율 : 1.81%
예측 : 2 정답 : 2 오류율 : 1.81%
예측 : 2 정답 : 2 오류율 : 1.8%
예측 : 2 정답 : 2 오류율 : 1.8%
예측 : 2 정답 : 2 오류율 : 1.8%
예측 : 2 정답 : 2 오류율 : 1.8%
예측 : 2 정답 : 2 오류율 : 1.8%
예측 : 2 정답 : 2 오류율 : 1.8%
예측 : 2 정답 : 2 오류율 : 1.8%
예측 : 2 정답 : 2 오류율 : 1.8%
예측 : 2 정답 : 2 오류율 : 1.8%
예측 : 2 정답 : 2 오류율 : 1.8%
예측 : 2 정답 : 2 오류율 : 1.8%
예측 : 2 정답 : 2 오류율 : 1.8%
예측 : 2 정답 : 2 오류율 : 1.79%
예측 : 2 정답 : 2 오류율 : 1.79%
예측 : 2 정답 : 2 오류율 : 1.79%
예측 : 2 정답 : 2 오류율 : 1.79%
예측 : 2 정답 : 2 오류율 : 1.79%
예측 : 2 정답 : 2 오류율 : 1.79%
예측 : 2 정답 : 2 오류율 : 1.79%
예측 : 2 정답 : 2 오류율 : 1.79%
예측 : 2 정답 : 2 오류율 : 1.79%
예측 : 2 정답 : 2 오류율 : 1.79%
예측 : 2 정답 : 2 오류율 : 1.79%
예측 : 2 정답 : 2 오류율 : 1.79%
예측 : 2 정답 : 2 오류율 : 1.78%
예측 : 2 정답 : 2 오류율 : 1.78%
예측 : 2 정답 : 2 오류율 : 1.78%
예측 : 2 정답 : 2 오류율 : 1.78%
예측 : 2 정답 : 2 오류율 : 1.78%
예측 : 2 정답 : 2 오류율 : 1.78%
예측 : 2 정답 : 2 오류율 : 1.78%
예측 : 2 정답 : 2 오류율 : 1.78%
예측 : 2 정답 : 2 오류율 : 1.78%
예측 : 2 정답 : 2 오류율 : 1.78%
예측 : 2 정답 : 2 오류율 : 1.78%
예측 : 2 정답 : 2 오류율 : 1.78%
예측 : 2 정답 : 2 오류율 : 1.78%
예측 : 2 정답 : 2 오류율 : 1.77%
예측 : 2 정답 : 2 오류율 : 1.77%
예측 : 2 정답 : 2 오류율 : 1.77%
예측 : 2 정답 : 2 오류율 : 1.77%
예측 : 2 정답 : 2 오류율 : 1.77%
예측 : 2 정답 : 2 오류율 : 1.77%
예측 : 2 정답 : 2 오류율 : 1.77%
예측 : 2 정답 : 2 오류율 : 1.77%
예측 : 2 정답 : 2 오류율 : 1.77%
예측 : 2 정답 : 2 오류율 : 1.77%
예측 : 2 정답 : 2 오류율 : 1.77%
예측 : 2 정답 : 2 오류율 : 1.77%
예측 : 2 정답 : 2 오류율 : 1.77%
예측 : 2 정답 : 2 오류율 : 1.76%
예측 : 2 정답 : 2 오류율 : 1.76%
예측 : 0 정답 : 2 오류율 : 1.81%
예측 : 2 정답 : 2 오류율 : 1.81%
예측 : 2 정답 : 2 오류율 : 1.81%
예측 : 2 정답 : 2 오류율 : 1.8%
예측 : 2 정답 : 2 오류율 : 1.8%
예측 : 2 정답 : 2 오류율 : 1.8%
예측 : 2 정답 : 2 오류율 : 1.8%
예측 : 2 정답 : 2 오류율 : 1.8%
예측 : 2 정답 : 2 오류율 : 1.8%
예측 : 2 정답 : 2 오류율 : 1.8%
예측 : 2 정답 : 2 오류율 : 1.8%
예측 : 2 정답 : 2 오류율 : 1.8%
예측 : 2 정답 : 2 오류율 : 1.8%
예측 : 1 정답 : 2 오류율 : 1.84%
예측 : 2 정답 : 2 오류율 : 1.84%
예측 : 2 정답 : 2 오류율 : 1.84%
예측 : 2 정답 : 2 오류율 : 1.84%
예측 : 2 정답 : 2 오류율 : 1.84%
예측 : 2 정답 : 2 오류율 : 1.84%
예측 : 2 정답 : 2 오류율 : 1.84%
예측 : 2 정답 : 2 오류율 : 1.83%
예측 : 2 정답 : 2 오류율 : 1.83%
예측 : 2 정답 : 2 오류율 : 1.83%
예측 : 2 정답 : 2 오류율 : 1.83%
예측 : 2 정답 : 2 오류율 : 1.83%
예측 : 2 정답 : 2 오류율 : 1.83%
예측 : 2 정답 : 2 오류율 : 1.83%
예측 : 2 정답 : 2 오류율 : 1.83%
예측 : 2 정답 : 2 오류율 : 1.83%
예측 : 2 정답 : 2 오류율 : 1.83%
예측 : 2 정답 : 2 오류율 : 1.83%
예측 : 2 정답 : 2 오류율 : 1.83%
예측 : 2 정답 : 2 오류율 : 1.83%
예측 : 2 정답 : 2 오류율 : 1.82%
예측 : 2 정답 : 2 오류율 : 1.82%
예측 : 2 정답 : 2 오류율 : 1.82%
예측 : 2 정답 : 2 오류율 : 1.82%
예측 : 2 정답 : 2 오류율 : 1.82%
예측 : 2 정답 : 2 오류율 : 1.82%
예측 : 2 정답 : 2 오류율 : 1.82%
예측 : 2 정답 : 2 오류율 : 1.82%
예측 : 2 정답 : 2 오류율 : 1.82%
예측 : 2 정답 : 2 오류율 : 1.82%
예측 : 2 정답 : 2 오류율 : 1.82%
예측 : 2 정답 : 2 오류율 : 1.82%
예측 : 2 정답 : 2 오류율 : 1.82%
예측 : 2 정답 : 2 오류율 : 1.81%
예측 : 2 정답 : 2 오류율 : 1.81%
예측 : 2 정답 : 2 오류율 : 1.81%
예측 : 2 정답 : 2 오류율 : 1.81%
예측 : 2 정답 : 2 오류율 : 1.81%
예측 : 2 정답 : 2 오류율 : 1.81%
예측 : 0 정답 : 2 오류율 : 1.85%
예측 : 2 정답 : 2 오류율 : 1.85%
예측 : 0 정답 : 2 오류율 : 1.89%
예측 : 2 정답 : 2 오류율 : 1.89%
예측 : 0 정답 : 2 오류율 : 1.94%
예측 : 0 정답 : 2 오류율 : 1.98%
예측 : 2 정답 : 2 오류율 : 1.98%
예측 : 0 정답 : 2 오류율 : 2.02%
예측 : 2 정답 : 2 오류율 : 2.02%
예측 : 2 정답 : 2 오류율 : 2.02%
예측 : 0 정답 : 2 오류율 : 2.06%
예측 : 0 정답 : 2 오류율 : 2.1%
예측 : 0 정답 : 2 오류율 : 2.14%
예측 : 2 정답 : 2 오류율 : 2.14%
예측 : 2 정답 : 2 오류율 : 2.14%
예측 : 0 정답 : 2 오류율 : 2.18%
예측 : 0 정답 : 2 오류율 : 2.23%
예측 : 0 정답 : 2 오류율 : 2.27%
예측 : 0 정답 : 2 오류율 : 2.31%
예측 : 2 정답 : 2 오류율 : 2.31%
예측 : 0 정답 : 2 오류율 : 2.35%
예측 : 2 정답 : 2 오류율 : 2.35%
예측 : 2 정답 : 2 오류율 : 2.35%
예측 : 0 정답 : 2 오류율 : 2.39%
예측 : 0 정답 : 2 오류율 : 2.43%
예측 : 0 정답 : 2 오류율 : 2.47%
예측 : 0 정답 : 2 오류율 : 2.51%
예측 : 2 정답 : 2 오류율 : 2.51%
예측 : 0 정답 : 2 오류율 : 2.55%
예측 : 2 정답 : 2 오류율 : 2.55%
예측 : 2 정답 : 2 오류율 : 2.55%
예측 : 0 정답 : 2 오류율 : 2.59%
예측 : 2 정답 : 2 오류율 : 2.59%
예측 : 0 정답 : 2 오류율 : 2.63%
예측 : 0 정답 : 2 오류율 : 2.68%
예측 : 2 정답 : 2 오류율 : 2.67%
예측 : 0 정답 : 2 오류율 : 2.72%
예측 : 0 정답 : 2 오류율 : 2.76%
예측 : 2 정답 : 2 오류율 : 2.76%
예측 : 2 정답 : 2 오류율 : 2.75%
예측 : 0 정답 : 2 오류율 : 2.8%
예측 : 0 정답 : 2 오류율 : 2.84%
예측 : 0 정답 : 2 오류율 : 2.88%
예측 : 0 정답 : 2 오류율 : 2.92%
예측 : 2 정답 : 2 오류율 : 2.92%
예측 : 0 정답 : 2 오류율 : 2.96%
예측 : 2 정답 : 2 오류율 : 2.96%
예측 : 0 정답 : 2 오류율 : 3.0%
예측 : 0 정답 : 2 오류율 : 3.04%
예측 : 2 정답 : 2 오류율 : 3.04%
예측 : 0 정답 : 2 오류율 : 3.08%
예측 : 2 정답 : 2 오류율 : 3.08%
예측 : 2 정답 : 2 오류율 : 3.08%
예측 : 0 정답 : 2 오류율 : 3.12%
예측 : 0 정답 : 2 오류율 : 3.16%
예측 : 2 정답 : 2 오류율 : 3.16%
예측 : 0 정답 : 2 오류율 : 3.2%
예측 : 2 정답 : 2 오류율 : 3.2%
예측 : 0 정답 : 2 오류율 : 3.24%
예측 : 2 정답 : 2 오류율 : 3.24%
예측 : 0 정답 : 2 오류율 : 3.28%
예측 : 0 정답 : 2 오류율 : 3.32%
예측 : 2 정답 : 2 오류율 : 3.32%
예측 : 0 정답 : 2 오류율 : 3.36%
예측 : 2 정답 : 2 오류율 : 3.35%
예측 : 0 정답 : 2 오류율 : 3.39%
예측 : 0 정답 : 2 오류율 : 3.44%
예측 : 2 정답 : 2 오류율 : 3.43%
예측 : 2 정답 : 2 오류율 : 3.43%
예측 : 2 정답 : 2 오류율 : 3.43%
예측 : 2 정답 : 2 오류율 : 3.43%
예측 : 0 정답 : 2 오류율 : 3.47%
예측 : 0 정답 : 2 오류율 : 3.51%
예측 : 2 정답 : 2 오류율 : 3.51%
예측 : 0 정답 : 2 오류율 : 3.55%
예측 : 2 정답 : 2 오류율 : 3.55%
예측 : 2 정답 : 2 오류율 : 3.55%
예측 : 2 정답 : 2 오류율 : 3.54%
예측 : 0 정답 : 2 오류율 : 3.58%
예측 : 2 정답 : 2 오류율 : 3.58%
예측 : 2 정답 : 2 오류율 : 3.58%
예측 : 0 정답 : 2 오류율 : 3.62%
예측 : 2 정답 : 2 오류율 : 3.62%
예측 : 0 정답 : 2 오류율 : 3.66%
예측 : 2 정답 : 2 오류율 : 3.66%
예측 : 2 정답 : 2 오류율 : 3.66%
예측 : 2 정답 : 2 오류율 : 3.66%
예측 : 2 정답 : 2 오류율 : 3.65%
예측 : 0 정답 : 2 오류율 : 3.69%
예측 : 2 정답 : 2 오류율 : 3.69%
예측 : 2 정답 : 2 오류율 : 3.69%
예측 : 0 정답 : 2 오류율 : 3.73%
예측 : 1 정답 : 2 오류율 : 3.77%
예측 : 2 정답 : 2 오류율 : 3.77%
예측 : 2 정답 : 2 오류율 : 3.77%
예측 : 2 정답 : 2 오류율 : 3.77%
예측 : 2 정답 : 2 오류율 : 3.76%
예측 : 2 정답 : 2 오류율 : 3.76%
예측 : 2 정답 : 2 오류율 : 3.76%
예측 : 2 정답 : 2 오류율 : 3.76%
예측 : 2 정답 : 2 오류율 : 3.76%
예측 : 2 정답 : 2 오류율 : 3.76%
예측 : 2 정답 : 2 오류율 : 3.76%
예측 : 2 정답 : 2 오류율 : 3.75%
예측 : 0 정답 : 2 오류율 : 3.79%
예측 : 0 정답 : 2 오류율 : 3.83%
예측 : 2 정답 : 2 오류율 : 3.83%
예측 : 2 정답 : 2 오류율 : 3.83%
예측 : 0 정답 : 2 오류율 : 3.87%
예측 : 2 정답 : 2 오류율 : 3.87%
예측 : 2 정답 : 2 오류율 : 3.87%
예측 : 2 정답 : 2 오류율 : 3.87%
예측 : 2 정답 : 2 오류율 : 3.86%
예측 : 2 정답 : 2 오류율 : 3.86%
예측 : 2 정답 : 2 오류율 : 3.86%
예측 : 2 정답 : 2 오류율 : 3.86%
예측 : 2 정답 : 2 오류율 : 3.86%
예측 : 2 정답 : 2 오류율 : 3.86%
예측 : 2 정답 : 2 오류율 : 3.85%
예측 : 2 정답 : 2 오류율 : 3.85%
예측 : 2 정답 : 2 오류율 : 3.85%
예측 : 2 정답 : 2 오류율 : 3.85%
예측 : 0 정답 : 2 오류율 : 3.89%
예측 : 2 정답 : 2 오류율 : 3.89%
예측 : 2 정답 : 2 오류율 : 3.89%
예측 : 2 정답 : 2 오류율 : 3.88%
예측 : 2 정답 : 2 오류율 : 3.88%
예측 : 2 정답 : 2 오류율 : 3.88%
예측 : 2 정답 : 2 오류율 : 3.88%
예측 : 2 정답 : 2 오류율 : 3.88%
예측 : 2 정답 : 2 오류율 : 3.88%
예측 : 2 정답 : 2 오류율 : 3.87%
예측 : 2 정답 : 2 오류율 : 3.87%
예측 : 2 정답 : 2 오류율 : 3.87%
예측 : 2 정답 : 2 오류율 : 3.87%
예측 : 2 정답 : 2 오류율 : 3.87%
예측 : 2 정답 : 2 오류율 : 3.87%
예측 : 2 정답 : 2 오류율 : 3.86%
예측 : 2 정답 : 2 오류율 : 3.86%
예측 : 2 정답 : 2 오류율 : 3.86%
예측 : 2 정답 : 2 오류율 : 3.86%
예측 : 2 정답 : 2 오류율 : 3.86%
예측 : 2 정답 : 2 오류율 : 3.86%
예측 : 2 정답 : 2 오류율 : 3.86%
예측 : 2 정답 : 2 오류율 : 3.85%
예측 : 0 정답 : 2 오류율 : 3.89%
예측 : 2 정답 : 2 오류율 : 3.89%
예측 : 2 정답 : 2 오류율 : 3.89%
예측 : 2 정답 : 2 오류율 : 3.89%
예측 : 2 정답 : 2 오류율 : 3.89%
예측 : 2 정답 : 2 오류율 : 3.89%
예측 : 2 정답 : 2 오류율 : 3.88%
예측 : 0 정답 : 2 오류율 : 3.92%
예측 : 2 정답 : 2 오류율 : 3.92%
예측 : 2 정답 : 2 오류율 : 3.92%
예측 : 2 정답 : 2 오류율 : 3.92%
예측 : 2 정답 : 2 오류율 : 3.92%
예측 : 2 정답 : 2 오류율 : 3.91%
예측 : 2 정답 : 2 오류율 : 3.91%
예측 : 2 정답 : 2 오류율 : 3.91%
예측 : 2 정답 : 2 오류율 : 3.91%
예측 : 2 정답 : 2 오류율 : 3.91%
예측 : 2 정답 : 2 오류율 : 3.91%
예측 : 2 정답 : 2 오류율 : 3.9%
예측 : 2 정답 : 2 오류율 : 3.9%
예측 : 2 정답 : 2 오류율 : 3.9%
예측 : 2 정답 : 2 오류율 : 3.9%
예측 : 2 정답 : 2 오류율 : 3.9%
예측 : 2 정답 : 2 오류율 : 3.9%
예측 : 2 정답 : 2 오류율 : 3.9%
예측 : 2 정답 : 2 오류율 : 3.89%
예측 : 0 정답 : 2 오류율 : 3.93%
예측 : 1 정답 : 2 오류율 : 3.97%
예측 : 2 정답 : 2 오류율 : 3.97%
예측 : 2 정답 : 2 오류율 : 3.97%
예측 : 2 정답 : 2 오류율 : 3.97%
예측 : 2 정답 : 2 오류율 : 3.96%
예측 : 0 정답 : 2 오류율 : 4.0%
예측 : 2 정답 : 2 오류율 : 4.0%
예측 : 2 정답 : 2 오류율 : 4.0%
예측 : 2 정답 : 2 오류율 : 4.0%
예측 : 2 정답 : 2 오류율 : 4.0%
예측 : 2 정답 : 2 오류율 : 4.0%
예측 : 2 정답 : 2 오류율 : 3.99%
예측 : 2 정답 : 2 오류율 : 3.99%
예측 : 2 정답 : 2 오류율 : 3.99%
예측 : 2 정답 : 2 오류율 : 3.99%
예측 : 2 정답 : 2 오류율 : 3.99%
예측 : 2 정답 : 2 오류율 : 3.99%
예측 : 2 정답 : 2 오류율 : 3.98%
예측 : 2 정답 : 2 오류율 : 3.98%
예측 : 2 정답 : 2 오류율 : 3.98%
예측 : 2 정답 : 2 오류율 : 3.98%
예측 : 2 정답 : 2 오류율 : 3.98%
예측 : 2 정답 : 2 오류율 : 3.98%
예측 : 2 정답 : 2 오류율 : 3.97%
예측 : 2 정답 : 2 오류율 : 3.97%
예측 : 2 정답 : 2 오류율 : 3.97%
예측 : 2 정답 : 2 오류율 : 3.97%
예측 : 2 정답 : 2 오류율 : 3.97%
예측 : 2 정답 : 2 오류율 : 3.97%
예측 : 2 정답 : 2 오류율 : 3.97%
예측 : 2 정답 : 2 오류율 : 3.96%
예측 : 2 정답 : 2 오류율 : 3.96%
예측 : 0 정답 : 2 오류율 : 4.0%
예측 : 2 정답 : 2 오류율 : 4.0%
예측 : 2 정답 : 2 오류율 : 4.0%
예측 : 2 정답 : 2 오류율 : 4.0%
예측 : 2 정답 : 2 오류율 : 3.99%
예측 : 2 정답 : 2 오류율 : 3.99%
예측 : 2 정답 : 2 오류율 : 3.99%
예측 : 2 정답 : 2 오류율 : 3.99%
예측 : 2 정답 : 2 오류율 : 3.99%
예측 : 2 정답 : 2 오류율 : 3.99%
예측 : 2 정답 : 2 오류율 : 3.98%
예측 : 2 정답 : 2 오류율 : 3.98%
예측 : 2 정답 : 2 오류율 : 3.98%
예측 : 2 정답 : 2 오류율 : 3.98%
예측 : 2 정답 : 2 오류율 : 3.98%
예측 : 2 정답 : 2 오류율 : 3.98%
예측 : 2 정답 : 2 오류율 : 3.97%
예측 : 2 정답 : 2 오류율 : 3.97%
예측 : 0 정답 : 2 오류율 : 4.01%
예측 : 2 정답 : 2 오류율 : 4.01%
예측 : 2 정답 : 2 오류율 : 4.01%
예측 : 2 정답 : 2 오류율 : 4.01%
예측 : 2 정답 : 2 오류율 : 4.0%
예측 : 0 정답 : 2 오류율 : 4.04%
예측 : 2 정답 : 2 오류율 : 4.04%
예측 : 2 정답 : 2 오류율 : 4.04%
예측 : 2 정답 : 2 오류율 : 4.04%
예측 : 2 정답 : 2 오류율 : 4.04%
예측 : 2 정답 : 2 오류율 : 4.03%
예측 : 2 정답 : 2 오류율 : 4.03%
예측 : 2 정답 : 2 오류율 : 4.03%
예측 : 2 정답 : 2 오류율 : 4.03%
예측 : 2 정답 : 2 오류율 : 4.03%
예측 : 2 정답 : 2 오류율 : 4.03%
예측 : 2 정답 : 2 오류율 : 4.03%
예측 : 2 정답 : 2 오류율 : 4.02%
예측 : 2 정답 : 2 오류율 : 4.02%
예측 : 2 정답 : 2 오류율 : 4.02%
예측 : 2 정답 : 2 오류율 : 4.02%
예측 : 2 정답 : 2 오류율 : 4.02%
예측 : 2 정답 : 2 오류율 : 4.02%
예측 : 2 정답 : 2 오류율 : 4.01%
예측 : 2 정답 : 2 오류율 : 4.01%
예측 : 2 정답 : 2 오류율 : 4.01%
예측 : 2 정답 : 2 오류율 : 4.01%
예측 : 2 정답 : 2 오류율 : 4.01%
예측 : 2 정답 : 2 오류율 : 4.01%
예측 : 2 정답 : 2 오류율 : 4.0%
예측 : 2 정답 : 2 오류율 : 4.0%
예측 : 2 정답 : 2 오류율 : 4.0%
예측 : 2 정답 : 2 오류율 : 4.0%
예측 : 2 정답 : 2 오류율 : 4.0%
예측 : 2 정답 : 2 오류율 : 4.0%
예측 : 2 정답 : 2 오류율 : 4.0%
예측 : 2 정답 : 2 오류율 : 3.99%
예측 : 2 정답 : 2 오류율 : 3.99%
예측 : 2 정답 : 2 오류율 : 3.99%
예측 : 2 정답 : 2 오류율 : 3.99%
예측 : 2 정답 : 2 오류율 : 3.99%
예측 : 2 정답 : 2 오류율 : 3.99%
예측 : 2 정답 : 2 오류율 : 3.98%
예측 : 2 정답 : 2 오류율 : 3.98%
예측 : 2 정답 : 2 오류율 : 3.98%
예측 : 2 정답 : 2 오류율 : 3.98%
예측 : 2 정답 : 2 오류율 : 3.98%
예측 : 2 정답 : 2 오류율 : 3.98%
예측 : 2 정답 : 2 오류율 : 3.98%
예측 : 2 정답 : 2 오류율 : 3.97%
예측 : 2 정답 : 2 오류율 : 3.97%
예측 : 2 정답 : 2 오류율 : 3.97%
예측 : 2 정답 : 2 오류율 : 3.97%
예측 : 2 정답 : 2 오류율 : 3.97%
예측 : 2 정답 : 2 오류율 : 3.97%
예측 : 2 정답 : 2 오류율 : 3.96%
예측 : 2 정답 : 2 오류율 : 3.96%
예측 : 2 정답 : 2 오류율 : 3.96%
예측 : 2 정답 : 2 오류율 : 3.96%
예측 : 2 정답 : 2 오류율 : 3.96%
예측 : 2 정답 : 2 오류율 : 3.96%
예측 : 2 정답 : 2 오류율 : 3.96%
예측 : 2 정답 : 2 오류율 : 3.95%
예측 : 2 정답 : 2 오류율 : 3.95%
예측 : 2 정답 : 2 오류율 : 3.95%
예측 : 2 정답 : 2 오류율 : 3.95%
예측 : 2 정답 : 2 오류율 : 3.95%
예측 : 2 정답 : 2 오류율 : 3.95%
예측 : 2 정답 : 2 오류율 : 3.94%
예측 : 0 정답 : 2 오류율 : 3.98%
예측 : 0 정답 : 2 오류율 : 4.02%
예측 : 2 정답 : 2 오류율 : 4.02%
예측 : 2 정답 : 2 오류율 : 4.02%
예측 : 2 정답 : 2 오류율 : 4.01%
예측 : 2 정답 : 2 오류율 : 4.01%
예측 : 2 정답 : 2 오류율 : 4.01%
예측 : 2 정답 : 2 오류율 : 4.01%
예측 : 2 정답 : 2 오류율 : 4.01%
예측 : 2 정답 : 2 오류율 : 4.01%
예측 : 2 정답 : 2 오류율 : 4.0%
예측 : 2 정답 : 2 오류율 : 4.0%
예측 : 2 정답 : 2 오류율 : 4.0%
예측 : 2 정답 : 2 오류율 : 4.0%
예측 : 2 정답 : 2 오류율 : 4.0%
예측 : 2 정답 : 2 오류율 : 4.0%
예측 : 2 정답 : 2 오류율 : 4.0%
예측 : 2 정답 : 2 오류율 : 3.99%
예측 : 2 정답 : 2 오류율 : 3.99%
예측 : 2 정답 : 2 오류율 : 3.99%
예측 : 2 정답 : 2 오류율 : 3.99%
예측 : 0 정답 : 2 오류율 : 4.03%
예측 : 2 정답 : 2 오류율 : 4.02%
예측 : 0 정답 : 2 오류율 : 4.06%
예측 : 2 정답 : 2 오류율 : 4.06%
예측 : 2 정답 : 2 오류율 : 4.06%
예측 : 2 정답 : 2 오류율 : 4.06%
예측 : 2 정답 : 2 오류율 : 4.05%
예측 : 2 정답 : 2 오류율 : 4.05%
예측 : 2 정답 : 2 오류율 : 4.05%
예측 : 2 정답 : 2 오류율 : 4.05%
예측 : 2 정답 : 2 오류율 : 4.05%
예측 : 2 정답 : 2 오류율 : 4.05%
예측 : 2 정답 : 2 오류율 : 4.05%
예측 : 0 정답 : 2 오류율 : 4.08%
예측 : 2 정답 : 2 오류율 : 4.08%
예측 : 2 정답 : 2 오류율 : 4.08%
예측 : 2 정답 : 2 오류율 : 4.08%
예측 : 2 정답 : 2 오류율 : 4.08%
예측 : 2 정답 : 2 오류율 : 4.07%
예측 : 2 정답 : 2 오류율 : 4.07%
예측 : 2 정답 : 2 오류율 : 4.07%
예측 : 2 정답 : 2 오류율 : 4.07%
예측 : 2 정답 : 2 오류율 : 4.07%
예측 : 2 정답 : 2 오류율 : 4.07%
예측 : 2 정답 : 2 오류율 : 4.06%
예측 : 2 정답 : 2 오류율 : 4.06%
예측 : 2 정답 : 2 오류율 : 4.06%
예측 : 2 정답 : 2 오류율 : 4.06%
예측 : 2 정답 : 2 오류율 : 4.06%
예측 : 2 정답 : 2 오류율 : 4.06%
예측 : 2 정답 : 2 오류율 : 4.06%
예측 : 2 정답 : 2 오류율 : 4.05%
예측 : 2 정답 : 2 오류율 : 4.05%
예측 : 2 정답 : 2 오류율 : 4.05%
예측 : 2 정답 : 2 오류율 : 4.05%
예측 : 2 정답 : 2 오류율 : 4.05%
예측 : 2 정답 : 2 오류율 : 4.05%
예측 : 2 정답 : 2 오류율 : 4.04%
예측 : 2 정답 : 2 오류율 : 4.04%
예측 : 2 정답 : 2 오류율 : 4.04%
예측 : 2 정답 : 2 오류율 : 4.04%
예측 : 2 정답 : 2 오류율 : 4.04%
예측 : 2 정답 : 2 오류율 : 4.04%
예측 : 2 정답 : 2 오류율 : 4.04%
예측 : 2 정답 : 2 오류율 : 4.03%
예측 : 2 정답 : 2 오류율 : 4.03%
예측 : 2 정답 : 2 오류율 : 4.03%
예측 : 2 정답 : 2 오류율 : 4.03%
예측 : 2 정답 : 2 오류율 : 4.03%
예측 : 2 정답 : 2 오류율 : 4.03%
예측 : 2 정답 : 2 오류율 : 4.03%
예측 : 2 정답 : 2 오류율 : 4.02%
예측 : 2 정답 : 2 오류율 : 4.02%
예측 : 2 정답 : 2 오류율 : 4.02%
예측 : 2 정답 : 2 오류율 : 4.02%
예측 : 2 정답 : 2 오류율 : 4.02%
예측 : 2 정답 : 2 오류율 : 4.02%
예측 : 2 정답 : 2 오류율 : 4.01%
예측 : 2 정답 : 2 오류율 : 4.01%
예측 : 2 정답 : 2 오류율 : 4.01%
예측 : 2 정답 : 2 오류율 : 4.01%
예측 : 2 정답 : 2 오류율 : 4.01%
예측 : 2 정답 : 2 오류율 : 4.01%
예측 : 2 정답 : 2 오류율 : 4.01%
예측 : 2 정답 : 2 오류율 : 4.0%
예측 : 2 정답 : 2 오류율 : 4.0%
예측 : 2 정답 : 2 오류율 : 4.0%
예측 : 2 정답 : 2 오류율 : 4.0%
예측 : 2 정답 : 2 오류율 : 4.0%
예측 : 2 정답 : 2 오류율 : 4.0%
예측 : 2 정답 : 2 오류율 : 4.0%
예측 : 2 정답 : 2 오류율 : 3.99%
예측 : 2 정답 : 2 오류율 : 3.99%
예측 : 2 정답 : 2 오류율 : 3.99%
예측 : 2 정답 : 2 오류율 : 3.99%
예측 : 2 정답 : 2 오류율 : 3.99%
예측 : 2 정답 : 2 오류율 : 3.99%
예측 : 2 정답 : 2 오류율 : 3.99%
예측 : 2 정답 : 2 오류율 : 3.98%
예측 : 2 정답 : 2 오류율 : 3.98%
예측 : 2 정답 : 2 오류율 : 3.98%
예측 : 2 정답 : 2 오류율 : 3.98%
예측 : 2 정답 : 2 오류율 : 3.98%
예측 : 2 정답 : 2 오류율 : 3.98%
예측 : 0 정답 : 2 오류율 : 4.01%
예측 : 2 정답 : 2 오류율 : 4.01%
예측 : 2 정답 : 2 오류율 : 4.01%
예측 : 2 정답 : 2 오류율 : 4.01%
예측 : 2 정답 : 2 오류율 : 4.01%
예측 : 2 정답 : 2 오류율 : 4.0%
예측 : 2 정답 : 2 오류율 : 4.0%
예측 : 2 정답 : 2 오류율 : 4.0%
예측 : 2 정답 : 2 오류율 : 4.0%
예측 : 2 정답 : 2 오류율 : 4.0%
예측 : 2 정답 : 2 오류율 : 4.0%
예측 : 2 정답 : 2 오류율 : 4.0%
예측 : 2 정답 : 2 오류율 : 3.99%
예측 : 2 정답 : 2 오류율 : 3.99%
예측 : 2 정답 : 2 오류율 : 3.99%
예측 : 2 정답 : 2 오류율 : 3.99%
예측 : 2 정답 : 2 오류율 : 3.99%
예측 : 2 정답 : 2 오류율 : 3.99%
예측 : 2 정답 : 2 오류율 : 3.99%
예측 : 2 정답 : 2 오류율 : 3.98%
예측 : 2 정답 : 2 오류율 : 3.98%
예측 : 2 정답 : 2 오류율 : 3.98%
예측 : 2 정답 : 2 오류율 : 3.98%
예측 : 2 정답 : 2 오류율 : 3.98%
예측 : 2 정답 : 2 오류율 : 3.98%
예측 : 2 정답 : 2 오류율 : 3.98%
예측 : 2 정답 : 2 오류율 : 3.97%
예측 : 0 정답 : 2 오류율 : 4.01%
예측 : 2 정답 : 2 오류율 : 4.01%
예측 : 2 정답 : 2 오류율 : 4.01%
예측 : 0 정답 : 2 오류율 : 4.04%
예측 : 2 정답 : 2 오류율 : 4.04%
예측 : 2 정답 : 2 오류율 : 4.04%
예측 : 2 정답 : 2 오류율 : 4.04%
예측 : 2 정답 : 2 오류율 : 4.03%
예측 : 2 정답 : 2 오류율 : 4.03%
예측 : 2 정답 : 2 오류율 : 4.03%
예측 : 2 정답 : 2 오류율 : 4.03%
예측 : 2 정답 : 2 오류율 : 4.03%
예측 : 2 정답 : 2 오류율 : 4.03%
예측 : 0 정답 : 2 오류율 : 4.06%
예측 : 2 정답 : 2 오류율 : 4.06%
예측 : 2 정답 : 2 오류율 : 4.06%
예측 : 2 정답 : 2 오류율 : 4.06%
예측 : 2 정답 : 2 오류율 : 4.06%
예측 : 2 정답 : 2 오류율 : 4.06%
예측 : 2 정답 : 2 오류율 : 4.05%
예측 : 2 정답 : 2 오류율 : 4.05%
예측 : 2 정답 : 2 오류율 : 4.05%
예측 : 2 정답 : 2 오류율 : 4.05%
예측 : 2 정답 : 2 오류율 : 4.05%
예측 : 2 정답 : 2 오류율 : 4.05%
예측 : 2 정답 : 2 오류율 : 4.04%
예측 : 2 정답 : 2 오류율 : 4.04%
예측 : 2 정답 : 2 오류율 : 4.04%
예측 : 2 정답 : 2 오류율 : 4.04%
예측 : 2 정답 : 2 오류율 : 4.04%
예측 : 2 정답 : 2 오류율 : 4.04%
예측 : 2 정답 : 2 오류율 : 4.04%
예측 : 2 정답 : 2 오류율 : 4.03%
예측 : 2 정답 : 2 오류율 : 4.03%
예측 : 2 정답 : 2 오류율 : 4.03%
예측 : 2 정답 : 2 오류율 : 4.03%
예측 : 2 정답 : 2 오류율 : 4.03%
예측 : 2 정답 : 2 오류율 : 4.03%
예측 : 2 정답 : 2 오류율 : 4.03%
예측 : 2 정답 : 2 오류율 : 4.02%
예측 : 2 정답 : 2 오류율 : 4.02%
예측 : 2 정답 : 2 오류율 : 4.02%
예측 : 2 정답 : 2 오류율 : 4.02%
예측 : 2 정답 : 2 오류율 : 4.02%
예측 : 2 정답 : 2 오류율 : 4.02%
예측 : 2 정답 : 2 오류율 : 4.02%
예측 : 2 정답 : 2 오류율 : 4.01%
예측 : 2 정답 : 2 오류율 : 4.01%
예측 : 2 정답 : 2 오류율 : 4.01%
예측 : 2 정답 : 2 오류율 : 4.01%
예측 : 2 정답 : 2 오류율 : 4.01%
예측 : 2 정답 : 2 오류율 : 4.01%
예측 : 2 정답 : 2 오류율 : 4.01%
예측 : 2 정답 : 2 오류율 : 4.0%
예측 : 2 정답 : 2 오류율 : 4.0%
예측 : 2 정답 : 2 오류율 : 4.0%
예측 : 2 정답 : 2 오류율 : 4.0%
예측 : 2 정답 : 2 오류율 : 4.0%
예측 : 2 정답 : 2 오류율 : 4.0%
예측 : 2 정답 : 2 오류율 : 4.0%
예측 : 2 정답 : 2 오류율 : 3.99%
예측 : 2 정답 : 2 오류율 : 3.99%
예측 : 2 정답 : 2 오류율 : 3.99%
예측 : 2 정답 : 2 오류율 : 3.99%
예측 : 2 정답 : 2 오류율 : 3.99%
예측 : 2 정답 : 2 오류율 : 3.99%
예측 : 2 정답 : 2 오류율 : 3.99%
예측 : 2 정답 : 2 오류율 : 3.98%
예측 : 2 정답 : 2 오류율 : 3.98%
예측 : 2 정답 : 2 오류율 : 3.98%
예측 : 2 정답 : 2 오류율 : 3.98%
예측 : 2 정답 : 2 오류율 : 3.98%
예측 : 2 정답 : 2 오류율 : 3.98%
예측 : 2 정답 : 2 오류율 : 3.98%
예측 : 2 정답 : 2 오류율 : 3.97%
예측 : 2 정답 : 2 오류율 : 3.97%
예측 : 2 정답 : 2 오류율 : 3.97%
예측 : 2 정답 : 2 오류율 : 3.97%
예측 : 2 정답 : 2 오류율 : 3.97%
예측 : 2 정답 : 2 오류율 : 3.97%
예측 : 2 정답 : 2 오류율 : 3.97%
예측 : 2 정답 : 2 오류율 : 3.96%
예측 : 2 정답 : 2 오류율 : 3.96%
예측 : 2 정답 : 2 오류율 : 3.96%
예측 : 2 정답 : 2 오류율 : 3.96%
예측 : 2 정답 : 2 오류율 : 3.96%
예측 : 2 정답 : 2 오류율 : 3.96%
예측 : 2 정답 : 2 오류율 : 3.96%
예측 : 2 정답 : 2 오류율 : 3.95%
예측 : 2 정답 : 2 오류율 : 3.95%
예측 : 2 정답 : 2 오류율 : 3.95%
예측 : 2 정답 : 2 오류율 : 3.95%
예측 : 2 정답 : 2 오류율 : 3.95%
예측 : 2 정답 : 2 오류율 : 3.95%
예측 : 2 정답 : 2 오류율 : 3.95%
예측 : 2 정답 : 2 오류율 : 3.95%
예측 : 2 정답 : 2 오류율 : 3.94%
예측 : 2 정답 : 2 오류율 : 3.94%
예측 : 2 정답 : 2 오류율 : 3.94%
예측 : 2 정답 : 2 오류율 : 3.94%
예측 : 2 정답 : 2 오류율 : 3.94%
예측 : 2 정답 : 2 오류율 : 3.94%
예측 : 2 정답 : 2 오류율 : 3.94%
예측 : 2 정답 : 2 오류율 : 3.93%
예측 : 2 정답 : 2 오류율 : 3.93%
예측 : 2 정답 : 2 오류율 : 3.93%
예측 : 2 정답 : 2 오류율 : 3.93%
예측 : 2 정답 : 2 오류율 : 3.93%
예측 : 2 정답 : 2 오류율 : 3.93%
예측 : 2 정답 : 2 오류율 : 3.93%
예측 : 2 정답 : 2 오류율 : 3.92%
예측 : 2 정답 : 2 오류율 : 3.92%
예측 : 2 정답 : 2 오류율 : 3.92%
예측 : 2 정답 : 2 오류율 : 3.92%
예측 : 2 정답 : 2 오류율 : 3.92%
예측 : 2 정답 : 2 오류율 : 3.92%
예측 : 2 정답 : 2 오류율 : 3.92%
예측 : 2 정답 : 2 오류율 : 3.91%
예측 : 2 정답 : 2 오류율 : 3.91%
예측 : 2 정답 : 2 오류율 : 3.91%
예측 : 2 정답 : 2 오류율 : 3.91%
예측 : 2 정답 : 2 오류율 : 3.91%
예측 : 2 정답 : 2 오류율 : 3.91%
예측 : 2 정답 : 2 오류율 : 3.91%
예측 : 2 정답 : 2 오류율 : 3.91%
예측 : 2 정답 : 2 오류율 : 3.9%
예측 : 2 정답 : 2 오류율 : 3.9%
예측 : 2 정답 : 2 오류율 : 3.9%
예측 : 2 정답 : 2 오류율 : 3.9%
예측 : 2 정답 : 2 오류율 : 3.9%
예측 : 2 정답 : 2 오류율 : 3.9%
예측 : 2 정답 : 2 오류율 : 3.9%
예측 : 2 정답 : 2 오류율 : 3.89%
예측 : 2 정답 : 2 오류율 : 3.89%
예측 : 2 정답 : 2 오류율 : 3.89%
예측 : 2 정답 : 2 오류율 : 3.89%
예측 : 2 정답 : 2 오류율 : 3.89%
예측 : 2 정답 : 2 오류율 : 3.89%
예측 : 2 정답 : 2 오류율 : 3.89%
예측 : 2 정답 : 2 오류율 : 3.88%
예측 : 2 정답 : 2 오류율 : 3.88%
예측 : 2 정답 : 2 오류율 : 3.88%
예측 : 2 정답 : 2 오류율 : 3.88%
예측 : 2 정답 : 2 오류율 : 3.88%
예측 : 2 정답 : 2 오류율 : 3.88%
예측 : 2 정답 : 2 오류율 : 3.88%
예측 : 2 정답 : 2 오류율 : 3.88%
예측 : 2 정답 : 2 오류율 : 3.87%
예측 : 2 정답 : 2 오류율 : 3.87%
예측 : 2 정답 : 2 오류율 : 3.87%
예측 : 2 정답 : 2 오류율 : 3.87%
예측 : 2 정답 : 2 오류율 : 3.87%
예측 : 2 정답 : 2 오류율 : 3.87%
예측 : 2 정답 : 2 오류율 : 3.87%
예측 : 2 정답 : 2 오류율 : 3.86%
예측 : 2 정답 : 2 오류율 : 3.86%
예측 : 2 정답 : 2 오류율 : 3.86%
예측 : 2 정답 : 2 오류율 : 3.86%
예측 : 2 정답 : 2 오류율 : 3.86%
예측 : 2 정답 : 2 오류율 : 3.86%
예측 : 2 정답 : 2 오류율 : 3.86%
예측 : 2 정답 : 2 오류율 : 3.86%
예측 : 2 정답 : 2 오류율 : 3.85%
예측 : 2 정답 : 2 오류율 : 3.85%
예측 : 2 정답 : 2 오류율 : 3.85%
예측 : 2 정답 : 2 오류율 : 3.85%
예측 : 2 정답 : 2 오류율 : 3.85%
예측 : 2 정답 : 2 오류율 : 3.85%
예측 : 2 정답 : 2 오류율 : 3.85%
예측 : 2 정답 : 2 오류율 : 3.84%
예측 : 2 정답 : 2 오류율 : 3.84%
예측 : 2 정답 : 2 오류율 : 3.84%
예측 : 2 정답 : 2 오류율 : 3.84%
예측 : 2 정답 : 2 오류율 : 3.84%
예측 : 2 정답 : 2 오류율 : 3.84%
예측 : 2 정답 : 2 오류율 : 3.84%
예측 : 2 정답 : 2 오류율 : 3.84%
예측 : 2 정답 : 2 오류율 : 3.83%
예측 : 2 정답 : 2 오류율 : 3.83%
예측 : 2 정답 : 2 오류율 : 3.83%
예측 : 2 정답 : 2 오류율 : 3.83%
예측 : 2 정답 : 2 오류율 : 3.83%
예측 : 2 정답 : 2 오류율 : 3.83%
예측 : 2 정답 : 2 오류율 : 3.83%
예측 : 2 정답 : 2 오류율 : 3.83%
예측 : 2 정답 : 2 오류율 : 3.82%
예측 : 2 정답 : 2 오류율 : 3.82%
예측 : 2 정답 : 2 오류율 : 3.82%
예측 : 2 정답 : 2 오류율 : 3.82%
예측 : 2 정답 : 2 오류율 : 3.82%
예측 : 2 정답 : 2 오류율 : 3.82%
예측 : 2 정답 : 2 오류율 : 3.82%
예측 : 2 정답 : 2 오류율 : 3.81%
예측 : 2 정답 : 2 오류율 : 3.81%
예측 : 2 정답 : 2 오류율 : 3.81%
예측 : 2 정답 : 2 오류율 : 3.81%
예측 : 2 정답 : 2 오류율 : 3.81%
맞춘개수	전체개수	예측개수
973	980	1046	주먹
948	980	953	가위
907	980	941	보
모델 성능 평가
Accuracy : 96.19
Precision 주먹 : 0.93
Precision 가위 : 0.99
Precision 보 : 0.96
Recall 주먹 : 0.99
Recall 가위 : 0.97
Recall 보 : 0.93
F1-score 주먹 : 0.96
F1-score 가위 : 0.98
F1-score 보 : 0.94

